AF-A2SSV1-F1-model_v4: 341.74 seconds
AF-P54855-F1-model_v4: 336.84 seconds
AF-Q1WT04-F1-model_v4: 328.86 seconds
AF-Q7VHY7-F1-model_v4: 326.99 seconds
AF-Q836J6-F1-model_v4: 350.16 seconds
AF-P18637-F1-model_v4: 311.47 seconds
AF-Q5R6G8-F1-model_v4: 335.00 seconds
AF-B5F9X5-F1-model_v4: 325.57 seconds
AF-Q57807-F1-model_v4: 314.96 seconds
AF-Q89NF3-F1-model_v4: 322.90 seconds
AF-Q8MKN0-F1-model_v4: 326.18 seconds
AF-Q2NYZ2-F1-model_v4: 331.65 seconds
AF-A5IN94-F1-model_v4: 309.57 seconds
AF-Q9SYH4-F1-model_v4: 329.44 seconds
AF-P0C915-F1-model_v4: 290.68 seconds
AF-Q9ES40-F1-model_v4: 298.54 seconds
AF-Q7WDU1-F1-model_v4: 385.22 seconds
AF-Q7A1P6-F1-model_v4: 295.40 seconds
AF-Q7M4I5-F1-model_v4: 296.44 seconds
AF-Q7CRB2-F1-model_v4: 326.55 seconds
AF-Q62LT9-F1-model_v4: 295.89 seconds
AF-Q7Z6I5-F1-model_v4: 334.98 seconds
AF-A5CTY3-F1-model_v4: 339.39 seconds
AF-Q6NU21-F1-model_v4: 384.30 seconds
AF-Q9UTR1-F1-model_v4: 393.72 seconds
AF-Q9M056-F1-model_v4: 354.91 seconds
AF-Q8NID9-F1-model_v4: 327.72 seconds
AF-Q39BP9-F1-model_v4: 280.78 seconds
AF-A1L1G1-F1-model_v4: 365.21 seconds
AF-A8GPH1-F1-model_v4: 346.90 seconds
AF-Q2U3W4-F1-model_v4: 337.07 seconds
AF-A3QJZ7-F1-model_v4: 346.47 seconds
AF-Q63VT4-F1-model_v4: 303.55 seconds
AF-Q72QT4-F1-model_v4: 345.83 seconds
AF-A0KGS0-F1-model_v4: 315.47 seconds
AF-A1VEB5-F1-model_v4: 292.58 seconds
AF-Q8HQE8-F1-model_v4: 339.59 seconds
AF-Q6FJI9-F1-model_v4: 300.29 seconds
AF-B1XUJ4-F1-model_v4: 289.14 seconds
AF-B7LRR3-F1-model_v4: 310.69 seconds
AF-Q8PH31-F1-model_v4: 342.95 seconds
AF-A8NCK5-F1-model_v4: 335.52 seconds
AF-Q7N2D8-F1-model_v4: 338.46 seconds
AF-Q89ES2-F1-model_v4: 311.00 seconds
AF-A9BMV6-F1-model_v4: 338.21 seconds
AF-Q5R8J6-F1-model_v4: 321.43 seconds
AF-Q8PHE9-F1-model_v4: 291.24 seconds
AF-Q8CNQ1-F1-model_v4: 296.54 seconds
AF-Q9RPW6-F1-model_v4: 331.55 seconds
AF-A1AHS6-F1-model_v4: 347.50 seconds
AF-B7NDK9-F1-model_v4: 299.10 seconds
AF-O24454-F1-model_v4: 326.26 seconds
AF-Q42627-F1-model_v4: 316.74 seconds
AF-Q9EUS8-F1-model_v4: 371.94 seconds
AF-Q5WEP2-F1-model_v4: 311.09 seconds
AF-A6Q6B5-F1-model_v4: 291.92 seconds
AF-Q1GBL8-F1-model_v4: 321.89 seconds
AF-Q731H9-F1-model_v4: 342.44 seconds
AF-Q3KM52-F1-model_v4: 299.26 seconds
AF-A2C0A9-F1-model_v4: 310.29 seconds
AF-A8FWL2-F1-model_v4: 288.98 seconds
AF-B7MVB0-F1-model_v4: 318.90 seconds
AF-Q81VQ1-F1-model_v4: 315.48 seconds
AF-Q7MH21-F1-model_v4: 349.65 seconds
AF-Q401Y8-F1-model_v4: 286.67 seconds
AF-B7II10-F1-model_v4: 285.10 seconds
AF-P9WMW8-F1-model_v4: 325.03 seconds
AF-Q0TEW9-F1-model_v4: 325.75 seconds
AF-Q54824-F1-model_v4: 334.88 seconds
AF-P54457-F1-model_v4: 309.34 seconds
AF-Q6Q875-F1-model_v4: 324.99 seconds
AF-Q9HII2-F1-model_v4: 332.73 seconds
AF-Q3Z9L2-F1-model_v4: 301.71 seconds
AF-B4SUS2-F1-model_v4: 287.12 seconds
AF-Q3JZN3-F1-model_v4: 327.66 seconds
AF-Q7ZAK1-F1-model_v4: 398.85 seconds
AF-Q1RHB4-F1-model_v4: 320.42 seconds
AF-Q0V842-F1-model_v4: 346.04 seconds
AF-A0RFW4-F1-model_v4: 358.63 seconds
AF-Q30TI8-F1-model_v4: 308.32 seconds
AF-Q0SZX7-F1-model_v4: 384.23 seconds
AF-A3F7X2-F1-model_v4: 284.71 seconds
AF-P46665-F1-model_v4: 343.70 seconds
AF-Q72J91-F1-model_v4: 321.63 seconds
AF-E9CY14-F1-model_v4: 325.93 seconds
AF-A5F3G7-F1-model_v4: 309.61 seconds
AF-E9PYH6-F1-model_v4: 483.80 seconds
AF-Q9LX29-F1-model_v4: 383.88 seconds
AF-Q5X1H3-F1-model_v4: 348.65 seconds
AF-Q2N758-F1-model_v4: 281.68 seconds
AF-P0CI47-F1-model_v4: 288.71 seconds
AF-P9WMU0-F1-model_v4: 303.00 seconds
AF-Q553D3-F1-model_v4: 366.31 seconds
AF-B4EWN4-F1-model_v4: 363.24 seconds
AF-Q6NHN2-F1-model_v4: 315.13 seconds
AF-Q8CPI1-F1-model_v4: 319.82 seconds
AF-Q04828-F1-model_v4: 323.57 seconds
AF-Q8Z153-F1-model_v4: 316.73 seconds
AF-A5VIR6-F1-model_v4: 284.92 seconds
AF-Q83GK0-F1-model_v4: 318.78 seconds
AF-Q9K1I6-F1-model_v4: 297.15 seconds
AF-Q08046-F1-model_v4: 328.59 seconds
AF-Q13LW8-F1-model_v4: 307.14 seconds
AF-Q9SXY0-F1-model_v4: 354.22 seconds
AF-Q54SF4-F1-model_v4: 389.22 seconds
AF-Q83IH7-F1-model_v4: 357.99 seconds
AF-C6DEU2-F1-model_v4: 338.54 seconds
AF-P19642-F1-model_v4: 348.79 seconds
AF-A2T371-F1-model_v4: 299.25 seconds
AF-Q6G529-F1-model_v4: 304.80 seconds
AF-Q8BUH7-F1-model_v4: 305.08 seconds
AF-A1JRY6-F1-model_v4: 288.51 seconds
AF-Q920G0-F1-model_v4: 324.31 seconds
AF-P86029-F1-model_v4: 318.55 seconds
AF-C1CRK5-F1-model_v4: 307.93 seconds
AF-B8D736-F1-model_v4: 299.97 seconds
AF-Q47D98-F1-model_v4: 357.90 seconds
AF-A3M7W0-F1-model_v4: 311.04 seconds
AF-Q9TM40-F1-model_v4: 308.64 seconds
AF-O51119-F1-model_v4: 318.91 seconds
AF-A4WHN0-F1-model_v4: 325.85 seconds
AF-A0R619-F1-model_v4: 307.81 seconds
AF-P04085-F1-model_v4: 303.75 seconds
AF-O82373-F1-model_v4: 336.54 seconds
AF-A3PVF1-F1-model_v4: 323.56 seconds
AF-B2U4C2-F1-model_v4: 300.47 seconds
AF-Q91WU5-F1-model_v4: 321.88 seconds
AF-A5EQ10-F1-model_v4: 297.94 seconds
AF-A1WVQ5-F1-model_v4: 317.41 seconds
AF-Q21SF8-F1-model_v4: 387.75 seconds
AF-B7LWN0-F1-model_v4: 328.64 seconds
AF-A4QFZ5-F1-model_v4: 309.51 seconds
AF-Q09763-F1-model_v4: 365.07 seconds
AF-P45952-F1-model_v4: 342.58 seconds
AF-Q9HHU0-F1-model_v4: 310.84 seconds
AF-Q8BG51-F1-model_v4: 341.61 seconds
AF-B0JQG5-F1-model_v4: 284.87 seconds
AF-P17166-F1-model_v4: 320.49 seconds
AF-Q96UY1-F1-model_v4: 320.85 seconds
AF-Q1CH53-F1-model_v4: 289.70 seconds
AF-Q13496-F1-model_v4: 326.29 seconds
AF-C1AHN2-F1-model_v4: 327.60 seconds
AF-A9WCV7-F1-model_v4: 314.28 seconds
AF-Q032R6-F1-model_v4: 333.92 seconds
AF-A6U2J8-F1-model_v4: 341.93 seconds
AF-Q5FWQ6-F1-model_v4: 328.64 seconds
AF-B1JU60-F1-model_v4: 302.99 seconds
AF-P0C1H2-F1-model_v4: 269.61 seconds
AF-A8Y1R8-F1-model_v4: 300.21 seconds
AF-P49985-F1-model_v4: 333.65 seconds
AF-A4IYU3-F1-model_v4: 322.56 seconds
AF-B8QGZ3-F1-model_v4: 392.40 seconds
AF-Q9DC28-F1-model_v4: 342.78 seconds
AF-Q5BE65-F1-model_v4: 324.56 seconds
AF-P58195-F1-model_v4: 337.96 seconds
AF-Q5EA50-F1-model_v4: 328.25 seconds
AF-Q1CE09-F1-model_v4: 302.76 seconds
AF-Q9KT87-F1-model_v4: 297.71 seconds
AF-Q8LX57-F1-model_v4: 284.69 seconds
AF-Q5HT33-F1-model_v4: 336.14 seconds
AF-Q5N0M4-F1-model_v4: 336.88 seconds
AF-Q8W405-F1-model_v4: 324.21 seconds
AF-A0A0D4WV12-F1-model_v4: 326.79 seconds
AF-Q2JL51-F1-model_v4: 335.30 seconds
AF-A5WP74-F1-model_v4: 345.45 seconds
AF-P59076-F1-model_v4: 346.12 seconds
AF-B6JUV1-F1-model_v4: 322.46 seconds
AF-Q17N69-F1-model_v4: 331.49 seconds
AF-Q758A4-F1-model_v4: 298.12 seconds
AF-B9L173-F1-model_v4: 328.59 seconds
AF-B0CFM3-F1-model_v4: 316.13 seconds
AF-A5FZG9-F1-model_v4: 350.31 seconds
AF-B8MLF7-F1-model_v4: 314.65 seconds
AF-Q5GSY3-F1-model_v4: 297.18 seconds
AF-Q5M7F8-F1-model_v4: 298.12 seconds
AF-A0KNY9-F1-model_v4: 337.86 seconds
AF-B6HJU4-F1-model_v4: 345.96 seconds
AF-A5CUA8-F1-model_v4: 298.74 seconds
AF-Q72G08-F1-model_v4: 327.50 seconds
AF-A4VGR5-F1-model_v4: 283.86 seconds
AF-A4IX68-F1-model_v4: 373.50 seconds
AF-Q1IX74-F1-model_v4: 298.35 seconds
AF-O17450-F1-model_v4: 315.62 seconds
AF-Q8MJ05-F1-model_v4: 529.84 seconds
AF-P62430-F1-model_v4: 309.80 seconds
AF-A0A084JZF2-F1-model_v4: 315.76 seconds
AF-P38911-F1-model_v4: 347.83 seconds
AF-Q5U1X1-F1-model_v4: 309.44 seconds
AF-B0BSV5-F1-model_v4: 295.28 seconds
AF-P51808-F1-model_v4: 298.94 seconds
AF-B7UGN6-F1-model_v4: 312.12 seconds
AF-A8F996-F1-model_v4: 294.40 seconds
AF-Q2K6C3-F1-model_v4: 317.01 seconds
AF-Q1RCR7-F1-model_v4: 287.12 seconds
AF-A8G9M8-F1-model_v4: 326.53 seconds
AF-B7NDG7-F1-model_v4: 333.90 seconds
AF-Q8RWB8-F1-model_v4: 387.71 seconds
AF-Q8TWM5-F1-model_v4: 323.63 seconds
AF-A1TVU7-F1-model_v4: 371.42 seconds
AF-Q8E9D9-F1-model_v4: 338.54 seconds
AF-Q8Y2W3-F1-model_v4: 301.59 seconds
AF-A4TL05-F1-model_v4: 349.64 seconds
AF-Q9D3W5-F1-model_v4: 337.30 seconds
AF-Q38VZ2-F1-model_v4: 325.86 seconds
AF-A9KX06-F1-model_v4: 355.39 seconds
AF-B9MMQ3-F1-model_v4: 293.42 seconds
AF-B1JQC6-F1-model_v4: 303.60 seconds
AF-P00992-F1-model_v4: 283.24 seconds
AF-Q6D0J6-F1-model_v4: 303.75 seconds
AF-B0RU60-F1-model_v4: 312.55 seconds
AF-A4XSP7-F1-model_v4: 297.75 seconds
AF-Q5Z6G5-F1-model_v4: 335.86 seconds
AF-A2YV85-F1-model_v4: 369.37 seconds
AF-Q04F69-F1-model_v4: 358.22 seconds
AF-Q99ZD3-F1-model_v4: 372.51 seconds
AF-Q2YAX8-F1-model_v4: 286.39 seconds
AF-A4L9J0-F1-model_v4: 330.70 seconds
AF-A2SLF0-F1-model_v4: 306.24 seconds
AF-Q3AZ40-F1-model_v4: 316.94 seconds
AF-Q1ACH9-F1-model_v4: 286.35 seconds
AF-P10932-F1-model_v4: 300.84 seconds
AF-A4TEI3-F1-model_v4: 298.42 seconds
AF-A3DLV7-F1-model_v4: 316.44 seconds
AF-O27875-F1-model_v4: 308.08 seconds
AF-A4GDT1-F1-model_v4: 293.78 seconds
AF-Q1R0G6-F1-model_v4: 301.33 seconds
AF-Q4FP46-F1-model_v4: 326.12 seconds
AF-B2S0W8-F1-model_v4: 320.27 seconds
AF-B7NRH6-F1-model_v4: 310.47 seconds
AF-Q9UFB7-F1-model_v4: 344.08 seconds
AF-A7HXZ5-F1-model_v4: 330.92 seconds
AF-Q5RKL7-F1-model_v4: 343.23 seconds
AF-Q5R4W9-F1-model_v4: 304.94 seconds
AF-Q827A4-F1-model_v4: 315.03 seconds
AF-A1AFD9-F1-model_v4: 290.48 seconds
AF-Q75ZP8-F1-model_v4: 346.87 seconds
AF-Q60169-F1-model_v4: 329.03 seconds
AF-Q2JLH7-F1-model_v4: 316.59 seconds
AF-A0L900-F1-model_v4: 351.72 seconds
AF-Q9AVJ9-F1-model_v4: 344.12 seconds
AF-B4SA80-F1-model_v4: 317.83 seconds
AF-B3A0R4-F1-model_v4: 313.39 seconds
AF-Q92GY5-F1-model_v4: 282.46 seconds
AF-B2S535-F1-model_v4: 303.61 seconds
AF-Q0SNK7-F1-model_v4: 331.76 seconds
AF-Q03161-F1-model_v4: 324.88 seconds
AF-P07497-F1-model_v4: 287.05 seconds
AF-Q8HQ92-F1-model_v4: 320.33 seconds
AF-C1GDH9-F1-model_v4: 347.85 seconds
AF-P9WQG3-F1-model_v4: 334.99 seconds
AF-O65107-F1-model_v4: 284.48 seconds
AF-B7HY57-F1-model_v4: 299.48 seconds
AF-Q9S2N4-F1-model_v4: 323.45 seconds
AF-A6QB70-F1-model_v4: 329.38 seconds
AF-Q21WP7-F1-model_v4: 311.91 seconds
AF-Q99P96-F1-model_v4: 312.28 seconds
AF-Q7A1V6-F1-model_v4: 298.16 seconds
AF-Q978V5-F1-model_v4: 310.83 seconds
AF-Q2L2H3-F1-model_v4: 308.99 seconds
AF-Q3SX45-F1-model_v4: 350.51 seconds
AF-C5CCD4-F1-model_v4: 371.06 seconds
AF-Q9PLY2-F1-model_v4: 278.77 seconds
AF-Q0T2M7-F1-model_v4: 322.27 seconds
AF-Q9K6Z3-F1-model_v4: 316.68 seconds
AF-B4TI37-F1-model_v4: 306.94 seconds
AF-G5EEU2-F1-model_v4: 332.84 seconds
AF-C5CI63-F1-model_v4: 334.66 seconds
AF-P0C7N1-F1-model_v4: 315.49 seconds
AF-Q2JUC0-F1-model_v4: 303.06 seconds
AF-Q09580-F1-model_v4: 355.42 seconds
AF-A3LWX3-F1-model_v4: 332.05 seconds
AF-Q95QZ9-F1-model_v4: 337.43 seconds
AF-C1CCD5-F1-model_v4: 303.81 seconds
AF-P0DB61-F1-model_v4: 332.04 seconds
AF-Q6UBQ3-F1-model_v4: 371.48 seconds
AF-P75466-F1-model_v4: 323.11 seconds
AF-Q3KHB0-F1-model_v4: 314.29 seconds
AF-Q9HD33-F1-model_v4: 316.16 seconds
AF-Q92561-F1-model_v4: 328.04 seconds
AF-Q9I576-F1-model_v4: 342.17 seconds
AF-Q64249-F1-model_v4: 326.83 seconds
AF-A9R007-F1-model_v4: 313.09 seconds
AF-Q8ZTY6-F1-model_v4: 273.37 seconds
AF-O31762-F1-model_v4: 355.73 seconds
AF-Q41276-F1-model_v4: 310.15 seconds
AF-Q5XI64-F1-model_v4: 322.08 seconds
AF-Q9Z255-F1-model_v4: 297.83 seconds
AF-Q2KTE1-F1-model_v4: 327.30 seconds
AF-A6GZI2-F1-model_v4: 320.50 seconds
AF-P54151-F1-model_v4: 319.63 seconds
AF-Q126I7-F1-model_v4: 323.59 seconds
AF-Q5RBZ8-F1-model_v4: 318.47 seconds
AF-A7X2U5-F1-model_v4: 286.82 seconds
AF-B4UEL4-F1-model_v4: 316.77 seconds
AF-Q2W0H2-F1-model_v4: 348.95 seconds
AF-B2U7R6-F1-model_v4: 355.28 seconds
AF-B9IRW2-F1-model_v4: 325.95 seconds
AF-C5B780-F1-model_v4: 354.20 seconds
AF-A9MFM3-F1-model_v4: 303.81 seconds
AF-A1AWC8-F1-model_v4: 304.28 seconds
AF-P94170-F1-model_v4: 317.74 seconds
AF-P60783-F1-model_v4: 295.89 seconds
AF-Q3YXH8-F1-model_v4: 285.25 seconds
AF-B3N4J9-F1-model_v4: 282.58 seconds
AF-O62255-F1-model_v4: 364.94 seconds
AF-B5BGW7-F1-model_v4: 294.15 seconds
AF-P36608-F1-model_v4: 302.78 seconds
AF-A3QAX8-F1-model_v4: 327.05 seconds
AF-B8D0L5-F1-model_v4: 335.65 seconds
AF-Q73BA1-F1-model_v4: 311.39 seconds
AF-B4S752-F1-model_v4: 294.67 seconds
AF-O74826-F1-model_v4: 316.79 seconds
AF-D2A996-F1-model_v4: 308.79 seconds
AF-Q7M720-F1-model_v4: 335.51 seconds
AF-Q83QD0-F1-model_v4: 345.42 seconds
AF-Q6DEY3-F1-model_v4: 310.88 seconds
AF-C4ZYE1-F1-model_v4: 286.77 seconds
AF-Q6U8D7-F1-model_v4: 326.27 seconds
AF-B5Y0X6-F1-model_v4: 304.72 seconds
AF-Q5QYD9-F1-model_v4: 298.56 seconds
AF-Q8HZK2-F1-model_v4: 412.99 seconds
AF-P40577-F1-model_v4: 323.78 seconds
AF-A1WWV9-F1-model_v4: 329.27 seconds
AF-A6WUI8-F1-model_v4: 327.28 seconds
AF-C3PKU4-F1-model_v4: 369.11 seconds
AF-P09152-F1-model_v4: 373.48 seconds
AF-A3DAS0-F1-model_v4: 291.83 seconds
AF-Q1PFA4-F1-model_v4: 335.77 seconds
AF-B5FPP3-F1-model_v4: 326.73 seconds
AF-Q9TT90-F1-model_v4: 375.48 seconds
AF-Q87NZ5-F1-model_v4: 350.10 seconds
AF-Q9HK34-F1-model_v4: 302.15 seconds
AF-Q3BY34-F1-model_v4: 313.03 seconds
AF-C5E4V5-F1-model_v4: 337.12 seconds
AF-B2T0I5-F1-model_v4: 305.42 seconds
AF-Q97BP2-F1-model_v4: 327.09 seconds
AF-A7X238-F1-model_v4: 319.90 seconds
AF-Q62GV4-F1-model_v4: 323.75 seconds
AF-B2FL26-F1-model_v4: 286.35 seconds
AF-A9NBL7-F1-model_v4: 295.90 seconds
AF-Q3IQT4-F1-model_v4: 294.42 seconds
AF-C5D5E6-F1-model_v4: 319.41 seconds
AF-B3E851-F1-model_v4: 304.02 seconds
AF-Q28350-F1-model_v4: 342.13 seconds
AF-Q8MJ47-F1-model_v4: 331.75 seconds
AF-Q2FHK0-F1-model_v4: 285.60 seconds
AF-C1DEH4-F1-model_v4: 319.44 seconds
AF-A4YD78-F1-model_v4: 280.98 seconds
AF-B7JK37-F1-model_v4: 302.93 seconds
AF-P07463-F1-model_v4: 280.61 seconds
AF-P26911-F1-model_v4: 318.37 seconds
AF-Q5PL17-F1-model_v4: 324.83 seconds
AF-Q8TRU3-F1-model_v4: 285.59 seconds
AF-Q9I9E1-F1-model_v4: 351.13 seconds
AF-P0DQG8-F1-model_v4: 297.30 seconds
AF-P0DC59-F1-model_v4: 354.11 seconds
AF-Q9CPD6-F1-model_v4: 299.59 seconds
AF-Q16566-F1-model_v4: 338.23 seconds
AF-O52720-F1-model_v4: 345.21 seconds
AF-A1V6B9-F1-model_v4: 356.03 seconds
AF-Q9QXL7-F1-model_v4: 323.96 seconds
AF-Q8YI64-F1-model_v4: 310.39 seconds
AF-Q7YR42-F1-model_v4: 299.75 seconds
AF-B2G8V9-F1-model_v4: 287.94 seconds
AF-Q28VR9-F1-model_v4: 292.99 seconds
AF-Q8IXM3-F1-model_v4: 292.72 seconds
AF-P0AEY0-F1-model_v4: 329.09 seconds
AF-Q9PEV5-F1-model_v4: 289.65 seconds
AF-O31560-F1-model_v4: 300.59 seconds
AF-Q7MTG9-F1-model_v4: 336.48 seconds
AF-Q9NPE3-F1-model_v4: 290.92 seconds
AF-B5FXT6-F1-model_v4: 322.78 seconds
AF-A6TGP7-F1-model_v4: 319.34 seconds
AF-B1I1S7-F1-model_v4: 317.13 seconds
AF-Q3IJ21-F1-model_v4: 340.06 seconds
AF-P47759-F1-model_v4: 306.45 seconds
AF-Q9PPQ4-F1-model_v4: 313.64 seconds
AF-Q12EE8-F1-model_v4: 305.86 seconds
AF-P25584-F1-model_v4: 296.73 seconds
AF-Q2J8K9-F1-model_v4: 323.85 seconds
AF-Q31LL0-F1-model_v4: 340.64 seconds
AF-O57779-F1-model_v4: 307.75 seconds
AF-Q73IE4-F1-model_v4: 354.25 seconds
AF-A3NE88-F1-model_v4: 280.19 seconds
AF-Q6DAS2-F1-model_v4: 351.85 seconds
AF-Q8ZCM2-F1-model_v4: 332.48 seconds
AF-Q2TBR8-F1-model_v4: 324.47 seconds
AF-Q9YAN6-F1-model_v4: 313.17 seconds
AF-Q6IN38-F1-model_v4: 312.74 seconds
AF-A4YVI0-F1-model_v4: 351.78 seconds
AF-Q57TB5-F1-model_v4: 331.57 seconds
AF-Q3JLL8-F1-model_v4: 342.41 seconds
AF-B6DZC8-F1-model_v4: 341.38 seconds
AF-Q9X6P2-F1-model_v4: 338.97 seconds
AF-Q65FL6-F1-model_v4: 342.17 seconds
AF-Q6NMB7-F1-model_v4: 319.60 seconds
AF-Q9PS06-F1-model_v4: 285.48 seconds
AF-Q887D0-F1-model_v4: 347.49 seconds
AF-A4YIU6-F1-model_v4: 295.16 seconds
AF-C0R4X5-F1-model_v4: 328.09 seconds
AF-A7X1L8-F1-model_v4: 341.20 seconds
AF-Q14BI2-F1-model_v4: 369.60 seconds
AF-Q91048-F1-model_v4: 380.20 seconds
AF-Q46E38-F1-model_v4: 323.99 seconds
AF-Q9FPR3-F1-model_v4: 380.08 seconds
AF-A0A0H3LX82-F1-model_v4: 339.27 seconds
AF-A3N371-F1-model_v4: 300.00 seconds
AF-Q63EM2-F1-model_v4: 397.97 seconds
AF-Q31KG6-F1-model_v4: 343.41 seconds
AF-A8GGW2-F1-model_v4: 288.81 seconds
AF-B5EWS0-F1-model_v4: 294.50 seconds
AF-B6YQE9-F1-model_v4: 313.33 seconds
AF-C4ZAX1-F1-model_v4: 330.76 seconds
AF-Q63PT2-F1-model_v4: 323.42 seconds
AF-B0Z548-F1-model_v4: 295.27 seconds
AF-B0S733-F1-model_v4: 337.81 seconds
AF-Q3V545-F1-model_v4: 314.71 seconds
AF-A7ZGE5-F1-model_v4: 312.32 seconds
AF-P61163-F1-model_v4: 328.85 seconds
AF-P9WFC3-F1-model_v4: 300.27 seconds
AF-P79953-F1-model_v4: 383.89 seconds
AF-P68175-F1-model_v4: 313.15 seconds
AF-A3CTJ9-F1-model_v4: 351.39 seconds
AF-B0JSD9-F1-model_v4: 303.11 seconds
AF-Q8ZG78-F1-model_v4: 285.50 seconds
AF-B4T5I5-F1-model_v4: 318.01 seconds
AF-P64218-F1-model_v4: 328.40 seconds
AF-Q678S2-F1-model_v4: 324.15 seconds
AF-E2R0A5-F1-model_v4: 280.79 seconds
AF-A6X0B7-F1-model_v4: 288.11 seconds
AF-O27906-F1-model_v4: 288.64 seconds
AF-P10481-F1-model_v4: 335.01 seconds
AF-Q8ZYK5-F1-model_v4: 311.11 seconds
AF-Q9KDA3-F1-model_v4: 303.76 seconds
AF-A8G9S7-F1-model_v4: 326.72 seconds
AF-P27361-F1-model_v4: 321.44 seconds
AF-A4XWM0-F1-model_v4: 352.27 seconds
AF-P59031-F1-model_v4: 286.15 seconds
AF-P9WNP3-F1-model_v4: 292.24 seconds
AF-A9MZW8-F1-model_v4: 290.40 seconds
AF-Q73YX3-F1-model_v4: 283.78 seconds
AF-Q8YM38-F1-model_v4: 324.62 seconds
AF-Q4L7K3-F1-model_v4: 317.14 seconds
AF-Q9BGI2-F1-model_v4: 313.53 seconds
AF-Q8PCQ9-F1-model_v4: 320.89 seconds
AF-B0BC03-F1-model_v4: 326.27 seconds
AF-P59715-F1-model_v4: 341.77 seconds
AF-A7ZHS5-F1-model_v4: 323.86 seconds
AF-Q02P72-F1-model_v4: 301.78 seconds
AF-Q8NSH9-F1-model_v4: 331.80 seconds
AF-Q57EY0-F1-model_v4: 313.69 seconds
AF-P12530-F1-model_v4: 352.02 seconds
AF-A8MIF4-F1-model_v4: 334.82 seconds
AF-A8H728-F1-model_v4: 324.14 seconds
AF-P60972-F1-model_v4: 335.69 seconds
AF-Q7A5S4-F1-model_v4: 293.73 seconds
AF-Q211G0-F1-model_v4: 302.10 seconds
AF-B9SZB6-F1-model_v4: 334.06 seconds
AF-A8FFR2-F1-model_v4: 326.60 seconds
AF-P78811-F1-model_v4: 328.13 seconds
AF-P29590-F1-model_v4: 353.84 seconds
AF-P72637-F1-model_v4: 379.73 seconds
AF-Q5QD06-F1-model_v4: 323.28 seconds
AF-Q6X9E4-F1-model_v4: 339.39 seconds
AF-A7MPP3-F1-model_v4: 302.30 seconds
AF-Q7VQV1-F1-model_v4: 292.33 seconds
AF-Q8DLI2-F1-model_v4: 312.46 seconds
AF-A6VW20-F1-model_v4: 314.44 seconds
AF-Q71WG4-F1-model_v4: 280.98 seconds
AF-Q5P4Q4-F1-model_v4: 326.66 seconds
AF-P59969-F1-model_v4: 380.66 seconds
AF-B7JYL4-F1-model_v4: 309.40 seconds
AF-P41693-F1-model_v4: 291.18 seconds
AF-O87952-F1-model_v4: 319.10 seconds
AF-A9MZE7-F1-model_v4: 326.17 seconds
AF-Q5HEN5-F1-model_v4: 326.00 seconds
AF-Q58859-F1-model_v4: 322.88 seconds
AF-Q0S1F6-F1-model_v4: 331.20 seconds
AF-Q8GYA6-F1-model_v4: 312.40 seconds
AF-B4XT01-F1-model_v4: 302.61 seconds
AF-Q9ZLW1-F1-model_v4: 330.38 seconds
AF-P96711-F1-model_v4: 317.55 seconds
AF-Q57DM2-F1-model_v4: 335.21 seconds
AF-Q24UT5-F1-model_v4: 293.33 seconds
AF-B8DN94-F1-model_v4: 355.97 seconds
AF-Q5A319-F1-model_v4: 349.69 seconds
AF-P47258-F1-model_v4: 321.99 seconds
AF-A2SLD6-F1-model_v4: 291.06 seconds
AF-Q17771-F1-model_v4: 343.16 seconds
AF-Q49KZ5-F1-model_v4: 298.12 seconds
AF-Q9VLS9-F1-model_v4: 324.02 seconds
AF-Q8D6H9-F1-model_v4: 326.84 seconds
AF-P48937-F1-model_v4: 347.28 seconds
AF-Q6E3F3-F1-model_v4: 348.06 seconds
AF-Q910A0-F1-model_v4: 301.97 seconds
AF-P44059-F1-model_v4: 275.85 seconds
AF-B8DPP9-F1-model_v4: 335.95 seconds
AF-Q2NIS7-F1-model_v4: 322.08 seconds
AF-Q8HY24-F1-model_v4: 362.07 seconds
AF-Q9PN98-F1-model_v4: 331.75 seconds
AF-O14111-F1-model_v4: 380.10 seconds
AF-Q3JN03-F1-model_v4: 295.24 seconds
AF-Q866E8-F1-model_v4: 316.63 seconds
AF-C6DIR5-F1-model_v4: 318.49 seconds
AF-B1IUL5-F1-model_v4: 361.19 seconds
AF-Q2LTE0-F1-model_v4: 355.41 seconds
AF-Q5I0L3-F1-model_v4: 334.30 seconds
AF-A7NBM9-F1-model_v4: 300.09 seconds
AF-Q8EUK4-F1-model_v4: 279.20 seconds
AF-Q9VAC8-F1-model_v4: 309.73 seconds
AF-A8FLB9-F1-model_v4: 327.39 seconds
AF-Q18GG9-F1-model_v4: 308.75 seconds
AF-Q25060-F1-model_v4: 316.75 seconds
AF-B6YWC1-F1-model_v4: 325.46 seconds
AF-P0C8V1-F1-model_v4: 281.82 seconds
AF-Q06650-F1-model_v4: 328.94 seconds
AF-A0QVB9-F1-model_v4: 318.46 seconds
AF-Q1JE56-F1-model_v4: 297.54 seconds
AF-P42475-F1-model_v4: 345.00 seconds
AF-Q49VB1-F1-model_v4: 309.54 seconds
AF-A0A0B4J262-F1-model_v4: 295.07 seconds
AF-C1A3S5-F1-model_v4: 340.12 seconds
AF-Q1C2U9-F1-model_v4: 300.49 seconds
AF-A9NBA5-F1-model_v4: 355.58 seconds
AF-Q8ZKP9-F1-model_v4: 300.31 seconds
AF-B0DC53-F1-model_v4: 384.26 seconds
AF-P18741-F1-model_v4: 284.96 seconds
AF-Q7CMT4-F1-model_v4: 286.85 seconds
AF-Q5P5G6-F1-model_v4: 328.47 seconds
AF-C5A2F7-F1-model_v4: 308.88 seconds
AF-A6L7J7-F1-model_v4: 378.50 seconds
AF-Q3YY21-F1-model_v4: 361.46 seconds
AF-A4HW65-F1-model_v4: 352.40 seconds
AF-Q47WV0-F1-model_v4: 314.04 seconds
AF-Q0BN65-F1-model_v4: 327.31 seconds
AF-Q9FI53-F1-model_v4: 344.02 seconds
AF-A2BYZ1-F1-model_v4: 292.48 seconds
AF-Q9Y4C1-F1-model_v4: 424.01 seconds
AF-B8GQD7-F1-model_v4: 304.84 seconds
AF-Q2YYB8-F1-model_v4: 320.73 seconds
AF-A4SJP9-F1-model_v4: 352.49 seconds
AF-O18806-F1-model_v4: 532.44 seconds
AF-A4WE75-F1-model_v4: 316.73 seconds
AF-A4D161-F1-model_v4: 300.62 seconds
AF-P63199-F1-model_v4: 304.19 seconds
AF-B4EUS1-F1-model_v4: 309.85 seconds
AF-A0KEC3-F1-model_v4: 328.60 seconds
AF-Q9LPQ8-F1-model_v4: 356.61 seconds
AF-Q9C004-F1-model_v4: 326.04 seconds
AF-A0QR33-F1-model_v4: 326.72 seconds
AF-Q9PQI1-F1-model_v4: 290.51 seconds
AF-O42847-F1-model_v4: 303.85 seconds
AF-A8A5N2-F1-model_v4: 314.07 seconds
AF-Q9NJC5-F1-model_v4: 285.19 seconds
AF-P45831-F1-model_v4: 312.48 seconds
AF-Q5SLV5-F1-model_v4: 299.22 seconds
AF-B8ZLK0-F1-model_v4: 334.86 seconds
AF-B5QZQ4-F1-model_v4: 341.83 seconds
AF-B9KNI7-F1-model_v4: 296.49 seconds
AF-Q7TQ07-F1-model_v4: 368.05 seconds
AF-H6TB12-F1-model_v4: 444.41 seconds
AF-Q56002-F1-model_v4: 308.89 seconds
AF-P47945-F1-model_v4: 272.76 seconds
AF-Q8ZUG2-F1-model_v4: 330.54 seconds
AF-B2SD81-F1-model_v4: 349.31 seconds
AF-Q2FG95-F1-model_v4: 319.09 seconds
AF-Q8Z316-F1-model_v4: 321.73 seconds
AF-Q2JXF6-F1-model_v4: 390.17 seconds
AF-Q6YR57-F1-model_v4: 329.99 seconds
AF-B5YBN8-F1-model_v4: 302.00 seconds
AF-P62346-F1-model_v4: 286.38 seconds
AF-Q9FJD0-F1-model_v4: 348.18 seconds
AF-Q0HM62-F1-model_v4: 324.86 seconds
AF-Q838U8-F1-model_v4: 344.04 seconds
AF-Q72I28-F1-model_v4: 277.03 seconds
AF-P45907-F1-model_v4: 326.81 seconds
AF-P01478-F1-model_v4: 284.75 seconds
AF-Q7MLV0-F1-model_v4: 319.10 seconds
AF-A5GW11-F1-model_v4: 303.17 seconds
AF-A4TPV4-F1-model_v4: 334.07 seconds
AF-A6UE43-F1-model_v4: 296.63 seconds
AF-A7ZHC6-F1-model_v4: 299.22 seconds
AF-Q7MIR0-F1-model_v4: 318.71 seconds
AF-A5N8I5-F1-model_v4: 379.25 seconds
AF-C3K3H1-F1-model_v4: 324.82 seconds
AF-Q1Q8P2-F1-model_v4: 334.64 seconds
AF-Q9HNM7-F1-model_v4: 323.96 seconds
AF-Q7A0P4-F1-model_v4: 371.27 seconds
AF-A9KET4-F1-model_v4: 326.49 seconds
AF-Q9GRJ3-F1-model_v4: 301.91 seconds
AF-A7H575-F1-model_v4: 334.34 seconds
AF-Q96WT3-F1-model_v4: 342.96 seconds
AF-Q14C37-F1-model_v4: 299.46 seconds
AF-O21513-F1-model_v4: 288.43 seconds
AF-B7NI05-F1-model_v4: 329.88 seconds
AF-Q8SUU2-F1-model_v4: 304.73 seconds
AF-P0A1V6-F1-model_v4: 346.45 seconds
AF-B8GAC1-F1-model_v4: 353.08 seconds
AF-A4GYP9-F1-model_v4: 343.18 seconds
AF-Q1RH63-F1-model_v4: 290.71 seconds
AF-P74523-F1-model_v4: 306.42 seconds
AF-Q7TTZ5-F1-model_v4: 352.14 seconds
AF-Q2G8X8-F1-model_v4: 290.19 seconds
AF-Q38UR5-F1-model_v4: 318.31 seconds
AF-B9MDJ2-F1-model_v4: 291.13 seconds
AF-Q0SP65-F1-model_v4: 319.90 seconds
AF-Q326L6-F1-model_v4: 308.39 seconds
AF-Q5QZ53-F1-model_v4: 315.82 seconds
AF-B0JTF9-F1-model_v4: 321.31 seconds
AF-C5CHD5-F1-model_v4: 330.57 seconds
AF-P9WJ24-F1-model_v4: 293.34 seconds
AF-Q54WR5-F1-model_v4: 322.12 seconds
AF-Q9BJV7-F1-model_v4: 276.02 seconds
AF-Q2J0F2-F1-model_v4: 298.24 seconds
AF-B4HSS0-F1-model_v4: 275.84 seconds
AF-B3DRD0-F1-model_v4: 362.42 seconds
AF-C7T187-F1-model_v4: 272.31 seconds
AF-Q31D56-F1-model_v4: 290.73 seconds
AF-Q8GLE5-F1-model_v4: 302.18 seconds
AF-Q9V9P3-F1-model_v4: 308.82 seconds
AF-Q08902-F1-model_v4: 362.17 seconds
AF-Q552C1-F1-model_v4: 450.57 seconds
AF-P45649-F1-model_v4: 287.77 seconds
AF-P52486-F1-model_v4: 312.08 seconds
AF-Q6NTT6-F1-model_v4: 319.28 seconds
AF-Q975U9-F1-model_v4: 331.66 seconds
AF-D7PHZ0-F1-model_v4: 325.49 seconds
AF-B2RHL6-F1-model_v4: 304.16 seconds
AF-Q9LFL3-F1-model_v4: 328.36 seconds
AF-P21749-F1-model_v4: 308.81 seconds
AF-Q61616-F1-model_v4: 334.80 seconds
AF-A1KF14-F1-model_v4: 402.63 seconds
AF-A1SWU5-F1-model_v4: 351.56 seconds
AF-P0C0N4-F1-model_v4: 309.43 seconds
AF-Q93DY8-F1-model_v4: 302.43 seconds
AF-B0RXD8-F1-model_v4: 306.66 seconds
AF-Q3BYF4-F1-model_v4: 322.59 seconds
AF-A1ALV1-F1-model_v4: 285.53 seconds
AF-B4TWV9-F1-model_v4: 327.73 seconds
AF-Q9JKY0-F1-model_v4: 324.21 seconds
AF-P07197-F1-model_v4: 326.68 seconds
AF-Q83BM5-F1-model_v4: 304.54 seconds
AF-Q8T390-F1-model_v4: 332.17 seconds
AF-A9L3W0-F1-model_v4: 320.62 seconds
AF-O52384-F1-model_v4: 306.80 seconds
AF-A9C3N6-F1-model_v4: 311.14 seconds
AF-Q06908-F1-model_v4: 344.77 seconds
AF-Q1GUW4-F1-model_v4: 288.45 seconds
AF-A3DHN7-F1-model_v4: 298.83 seconds
AF-B1IBD6-F1-model_v4: 300.78 seconds
AF-Q8FUX2-F1-model_v4: 343.99 seconds
AF-B5XKR6-F1-model_v4: 283.16 seconds
AF-Q0KBC7-F1-model_v4: 323.09 seconds
AF-B5E6U3-F1-model_v4: 296.47 seconds
AF-P08190-F1-model_v4: 298.15 seconds
AF-P78605-F1-model_v4: 323.74 seconds
AF-B3CM71-F1-model_v4: 323.45 seconds
AF-Q59TN1-F1-model_v4: 340.11 seconds
AF-Q9ZJU5-F1-model_v4: 355.69 seconds
AF-Q8CKU7-F1-model_v4: 332.55 seconds
AF-P73796-F1-model_v4: 289.95 seconds
AF-P0ACD6-F1-model_v4: 301.34 seconds
AF-B2TUS5-F1-model_v4: 284.08 seconds
AF-Q87LL9-F1-model_v4: 316.67 seconds
AF-A0RPR9-F1-model_v4: 290.42 seconds
AF-Q3ATB2-F1-model_v4: 355.92 seconds
AF-B2JKH4-F1-model_v4: 326.14 seconds
AF-Q45XI8-F1-model_v4: 299.13 seconds
AF-Q8Z6G1-F1-model_v4: 342.21 seconds
AF-Q5RBU1-F1-model_v4: 289.35 seconds
AF-Q2LVI9-F1-model_v4: 358.19 seconds
AF-Q81CP1-F1-model_v4: 327.96 seconds
AF-P17201-F1-model_v4: 362.32 seconds
AF-A9KX17-F1-model_v4: 333.38 seconds
AF-Q2RS21-F1-model_v4: 316.41 seconds
AF-A7MVE1-F1-model_v4: 328.09 seconds
AF-P49146-F1-model_v4: 328.73 seconds
AF-A6V488-F1-model_v4: 289.96 seconds
AF-Q5H4C0-F1-model_v4: 345.68 seconds
AF-A6X7E7-F1-model_v4: 351.22 seconds
AF-Q8K097-F1-model_v4: 326.37 seconds
AF-A1JRB1-F1-model_v4: 292.34 seconds
AF-Q2JIP3-F1-model_v4: 327.37 seconds
AF-Q6B860-F1-model_v4: 289.01 seconds
AF-A0A0A2KMZ4-F1-model_v4: 336.20 seconds
AF-B2USG3-F1-model_v4: 297.41 seconds
AF-P38246-F1-model_v4: 315.76 seconds
AF-P25026-F1-model_v4: 320.77 seconds
AF-D2Y2C0-F1-model_v4: 282.50 seconds
AF-Q5PLX8-F1-model_v4: 329.21 seconds
AF-Q6GA13-F1-model_v4: 321.76 seconds
AF-A1UT47-F1-model_v4: 366.03 seconds
AF-Q5HFD1-F1-model_v4: 312.35 seconds
AF-Q83G72-F1-model_v4: 315.97 seconds
AF-Q9ZDH1-F1-model_v4: 279.67 seconds
AF-P63137-F1-model_v4: 348.28 seconds
AF-B1J692-F1-model_v4: 304.58 seconds
AF-P9WI68-F1-model_v4: 354.49 seconds
AF-A1SXK4-F1-model_v4: 356.90 seconds
AF-Q8VZ52-F1-model_v4: 325.94 seconds
AF-B0CF78-F1-model_v4: 307.55 seconds
AF-A2YCH5-F1-model_v4: 349.08 seconds
AF-Q5RC67-F1-model_v4: 353.06 seconds
AF-Q5QYC5-F1-model_v4: 338.95 seconds
AF-Q9XPS6-F1-model_v4: 279.79 seconds
AF-B2V7T1-F1-model_v4: 293.39 seconds
AF-D8KIE9-F1-model_v4: 312.08 seconds
AF-P83116-F1-model_v4: 269.92 seconds
AF-A8MRP4-F1-model_v4: 285.83 seconds
AF-P50049-F1-model_v4: 303.47 seconds
AF-B3E716-F1-model_v4: 311.53 seconds
AF-C3MVX7-F1-model_v4: 289.75 seconds
AF-C3K5E4-F1-model_v4: 369.98 seconds
AF-Q694C1-F1-model_v4: 336.34 seconds
AF-P97720-F1-model_v4: 334.29 seconds
AF-Q9KVY5-F1-model_v4: 333.98 seconds
AF-Q502K1-F1-model_v4: 317.53 seconds
AF-O80725-F1-model_v4: 445.61 seconds
AF-P38046-F1-model_v4: 320.44 seconds
AF-B7J583-F1-model_v4: 282.56 seconds
AF-A7ZCL8-F1-model_v4: 319.47 seconds
AF-A0AJP8-F1-model_v4: 310.28 seconds
AF-P84852-F1-model_v4: 270.48 seconds
AF-Q74IB5-F1-model_v4: 316.81 seconds
AF-B7H293-F1-model_v4: 309.46 seconds
AF-O28578-F1-model_v4: 322.06 seconds
AF-Q9CHN9-F1-model_v4: 301.81 seconds
AF-C0HLD1-F1-model_v4: 341.66 seconds
AF-P62248-F1-model_v4: 400.16 seconds
AF-P0ACQ4-F1-model_v4: 258.49 seconds
AF-Q7WD18-F1-model_v4: 424.68 seconds
AF-P56388-F1-model_v4: 303.64 seconds
AF-P9WMZ0-F1-model_v4: 336.79 seconds
AF-A4SCS1-F1-model_v4: 315.68 seconds
AF-B1IGV8-F1-model_v4: 319.94 seconds
AF-A0PTJ7-F1-model_v4: 312.41 seconds
AF-Q5M158-F1-model_v4: 287.29 seconds
AF-Q5XB92-F1-model_v4: 312.83 seconds
AF-Q32I48-F1-model_v4: 309.05 seconds
AF-B7MDQ1-F1-model_v4: 138.21 seconds
AF-Q328V2-F1-model_v4: 413.79 seconds
AF-P18105-F1-model_v4: 380.28 seconds
AF-C3N7P8-F1-model_v4: 289.08 seconds
AF-A7N9U1-F1-model_v4: 299.53 seconds
AF-Q9ZT66-F1-model_v4: 329.45 seconds
AF-A6UP16-F1-model_v4: 310.25 seconds
AF-B9KH59-F1-model_v4: 358.44 seconds
AF-A5EX89-F1-model_v4: 306.02 seconds
AF-Q83H66-F1-model_v4: 380.86 seconds
AF-Q4WYN6-F1-model_v4: 438.23 seconds
AF-Q1JAY1-F1-model_v4: 359.30 seconds
AF-A1CKE0-F1-model_v4: 405.25 seconds
AF-Q554Z5-F1-model_v4: 355.83 seconds
AF-Q3KKV3-F1-model_v4: 330.26 seconds
AF-Q03A64-F1-model_v4: 313.93 seconds
AF-A9A3T2-F1-model_v4: 348.78 seconds
AF-P25206-F1-model_v4: 371.70 seconds
AF-Q8PCN3-F1-model_v4: 308.06 seconds
AF-P59852-F1-model_v4: 365.79 seconds
AF-P20184-F1-model_v4: 302.58 seconds
AF-B2GDX6-F1-model_v4: 386.60 seconds
AF-Q0ICK8-F1-model_v4: 355.32 seconds
AF-Q8U8I9-F1-model_v4: 313.03 seconds
AF-O18087-F1-model_v4: 334.41 seconds
AF-B8ZUV0-F1-model_v4: 336.90 seconds
AF-Q6G6Q5-F1-model_v4: 328.88 seconds
AF-O97398-F1-model_v4: 329.85 seconds
AF-Q2FHV6-F1-model_v4: 304.62 seconds
AF-A2C0J7-F1-model_v4: 346.36 seconds
AF-Q5K0C8-F1-model_v4: 284.22 seconds
AF-Q47II1-F1-model_v4: 327.27 seconds
AF-Q66I08-F1-model_v4: 332.32 seconds
AF-Q0I1D2-F1-model_v4: 357.19 seconds
AF-Q5GWU6-F1-model_v4: 298.79 seconds
AF-Q89B10-F1-model_v4: 347.93 seconds
AF-C4XS37-F1-model_v4: 360.34 seconds
AF-Q1BY09-F1-model_v4: 347.54 seconds
AF-C5BQ41-F1-model_v4: 314.58 seconds
AF-P45951-F1-model_v4: 333.92 seconds
AF-A5IVC5-F1-model_v4: 304.84 seconds
AF-Q5XCC0-F1-model_v4: 367.23 seconds
AF-P22138-F1-model_v4: 387.11 seconds
AF-P56592-F1-model_v4: 351.86 seconds
AF-Q6K3R5-F1-model_v4: 366.46 seconds
AF-Q8MX31-F1-model_v4: 332.88 seconds
AF-P09188-F1-model_v4: 342.48 seconds
AF-P12903-F1-model_v4: 316.47 seconds
AF-Q54RK6-F1-model_v4: 287.35 seconds
AF-Q5SCY8-F1-model_v4: 345.09 seconds
AF-B8JE34-F1-model_v4: 339.96 seconds
AF-P29691-F1-model_v4: 373.94 seconds
AF-A9M6L4-F1-model_v4: 340.66 seconds
AF-B0UT28-F1-model_v4: 318.22 seconds
AF-B1WZG2-F1-model_v4: 295.98 seconds
AF-B2UUQ7-F1-model_v4: 314.68 seconds
AF-A1IGA8-F1-model_v4: 325.03 seconds
AF-Q13VN8-F1-model_v4: 379.79 seconds
AF-A2SCV1-F1-model_v4: 372.08 seconds
AF-B0TAF3-F1-model_v4: 326.90 seconds
AF-P70949-F1-model_v4: 307.04 seconds
AF-C6DKE7-F1-model_v4: 347.81 seconds
AF-O23193-F1-model_v4: 317.71 seconds
AF-P55945-F1-model_v4: 288.90 seconds
AF-A3MNR6-F1-model_v4: 347.38 seconds
AF-A0A0B4J273-F1-model_v4: 320.77 seconds
AF-P01527-F1-model_v4: 299.67 seconds
AF-G3ETQ3-F1-model_v4: 283.66 seconds
AF-A5II59-F1-model_v4: 307.40 seconds
AF-P37661-F1-model_v4: 344.87 seconds
AF-Q8CHT6-F1-model_v4: 331.73 seconds
AF-Q5NGX6-F1-model_v4: 311.05 seconds
AF-C9X4J0-F1-model_v4: 290.45 seconds
AF-Q5LXU2-F1-model_v4: 316.27 seconds
AF-B5XM63-F1-model_v4: 332.84 seconds
AF-Q4R4I2-F1-model_v4: 301.86 seconds
AF-Q6HCY5-F1-model_v4: 295.51 seconds
AF-Q8EU06-F1-model_v4: 329.03 seconds
AF-A8GML4-F1-model_v4: 379.06 seconds
AF-A6VBD9-F1-model_v4: 332.48 seconds
AF-A5N6F5-F1-model_v4: 336.68 seconds
AF-P52831-F1-model_v4: 331.76 seconds
AF-P63849-F1-model_v4: 297.05 seconds
AF-B3R2F9-F1-model_v4: 338.24 seconds
AF-Q6GQT0-F1-model_v4: 363.52 seconds
AF-A1VEK5-F1-model_v4: 341.91 seconds
AF-Q51827-F1-model_v4: 343.37 seconds
AF-P24275-F1-model_v4: 359.62 seconds
AF-C4ZQ34-F1-model_v4: 344.50 seconds
AF-Q6HCK7-F1-model_v4: 292.92 seconds
AF-Q9C0I3-F1-model_v4: 407.76 seconds
AF-O49623-F1-model_v4: 340.23 seconds
AF-C3MEL7-F1-model_v4: 329.06 seconds
AF-P0DSE1-F1-model_v4: 322.54 seconds
AF-P06129-F1-model_v4: 395.70 seconds
AF-Q2U4H2-F1-model_v4: 341.27 seconds
AF-Q9PFB3-F1-model_v4: 289.45 seconds
AF-Q8Z4T0-F1-model_v4: 331.43 seconds
AF-P33228-F1-model_v4: 318.48 seconds
AF-Q42829-F1-model_v4: 357.56 seconds
AF-B0YEH9-F1-model_v4: 347.34 seconds
AF-Q4WNA5-F1-model_v4: 317.17 seconds
AF-Q75AB3-F1-model_v4: 315.82 seconds
AF-Q8K0V4-F1-model_v4: 362.01 seconds
AF-B9KD13-F1-model_v4: 303.06 seconds
AF-Q6BNQ5-F1-model_v4: 302.48 seconds
AF-Q5D869-F1-model_v4: 474.14 seconds
AF-Q9ZWS7-F1-model_v4: 329.51 seconds
AF-Q21DG1-F1-model_v4: 354.62 seconds
AF-B4TNU7-F1-model_v4: 314.59 seconds
AF-B2TXU1-F1-model_v4: 331.48 seconds
AF-B0ULY3-F1-model_v4: 300.32 seconds
AF-Q5VWP3-F1-model_v4: 348.27 seconds
AF-C5M7I9-F1-model_v4: 324.13 seconds
AF-Q9PE53-F1-model_v4: 312.83 seconds
AF-Q9CAL8-F1-model_v4: 371.99 seconds
AF-Q8Y040-F1-model_v4: 323.92 seconds
AF-Q0TIG6-F1-model_v4: 327.45 seconds
AF-Q9Z3R1-F1-model_v4: 347.36 seconds
AF-Q5F9U0-F1-model_v4: 342.65 seconds
AF-Q035Y0-F1-model_v4: 335.61 seconds
AF-Q6NHM7-F1-model_v4: 331.06 seconds
AF-Q9ULQ0-F1-model_v4: 373.25 seconds
AF-P82632-F1-model_v4: 303.02 seconds
AF-Q5WVL8-F1-model_v4: 334.95 seconds
AF-B4UES6-F1-model_v4: 323.83 seconds
AF-O30188-F1-model_v4: 332.74 seconds
AF-Q57QG8-F1-model_v4: 321.08 seconds
AF-A6T7F0-F1-model_v4: 326.14 seconds
AF-B4TEU0-F1-model_v4: 303.54 seconds
AF-P59055-F1-model_v4: 372.42 seconds
AF-C6E870-F1-model_v4: 307.68 seconds
AF-M2YIZ5-F1-model_v4: 338.11 seconds
AF-A1U1H6-F1-model_v4: 308.56 seconds
AF-B5E2H6-F1-model_v4: 325.77 seconds
AF-C0R5D1-F1-model_v4: 328.84 seconds
AF-Q84BP4-F1-model_v4: 359.37 seconds
AF-Q5RDM4-F1-model_v4: 387.58 seconds
AF-Q0HKV0-F1-model_v4: 342.94 seconds
AF-B2UUW8-F1-model_v4: 342.03 seconds
AF-Q9HCL0-F1-model_v4: 455.00 seconds
AF-Q83G99-F1-model_v4: 361.91 seconds
AF-A2S6U9-F1-model_v4: 319.69 seconds
AF-P68256-F1-model_v4: 312.91 seconds
AF-Q836W6-F1-model_v4: 324.61 seconds
AF-O75874-F1-model_v4: 340.43 seconds
AF-Q37108-F1-model_v4: 296.68 seconds
AF-B5YKW0-F1-model_v4: 364.66 seconds
AF-Q2ST50-F1-model_v4: 304.39 seconds
AF-O67742-F1-model_v4: 309.12 seconds
AF-A5EPQ5-F1-model_v4: 353.43 seconds
AF-O94572-F1-model_v4: 354.37 seconds
AF-Q8PS50-F1-model_v4: 332.73 seconds
AF-O01159-F1-model_v4: 337.92 seconds
AF-D0N0R8-F1-model_v4: 296.03 seconds
AF-Q1GZI0-F1-model_v4: 366.81 seconds
AF-P0A279-F1-model_v4: 305.40 seconds
AF-Q3SH33-F1-model_v4: 292.57 seconds
AF-Q1BRA8-F1-model_v4: 350.26 seconds
AF-B5FM63-F1-model_v4: 313.33 seconds
AF-P34302-F1-model_v4: 329.59 seconds
AF-Q6LZM9-F1-model_v4: 349.26 seconds
AF-B9E7G7-F1-model_v4: 311.74 seconds
AF-P60437-F1-model_v4: 320.14 seconds
AF-Q08DU1-F1-model_v4: 311.77 seconds
AF-Q0V990-F1-model_v4: 348.91 seconds
AF-Q815S0-F1-model_v4: 339.40 seconds
AF-Q8RDD1-F1-model_v4: 357.79 seconds
AF-C0Q9W7-F1-model_v4: 328.51 seconds
AF-P28314-F1-model_v4: 323.39 seconds
AF-B8FM87-F1-model_v4: 299.50 seconds
AF-B7JMV9-F1-model_v4: 312.64 seconds
AF-Q2YRA1-F1-model_v4: 313.55 seconds
AF-C1CTA3-F1-model_v4: 289.41 seconds
AF-B0RZQ3-F1-model_v4: 323.84 seconds
AF-A9NHW0-F1-model_v4: 351.56 seconds
AF-B9DYB0-F1-model_v4: 305.11 seconds
AF-Q820N1-F1-model_v4: 328.47 seconds
AF-Q54Z01-F1-model_v4: 309.73 seconds
AF-A4WVL7-F1-model_v4: 303.70 seconds
AF-A1AVT4-F1-model_v4: 318.83 seconds
AF-Q5FX67-F1-model_v4: 307.63 seconds
AF-P81198-F1-model_v4: 307.94 seconds
AF-P81701-F1-model_v4: 361.52 seconds
AF-F4JEP5-F1-model_v4: 367.47 seconds
AF-B7UFS4-F1-model_v4: 320.77 seconds
AF-B6I7J7-F1-model_v4: 325.62 seconds
AF-P31937-F1-model_v4: 337.40 seconds
AF-A0M3L3-F1-model_v4: 301.01 seconds
AF-P67408-F1-model_v4: 318.26 seconds
AF-O29003-F1-model_v4: 314.67 seconds
AF-P63177-F1-model_v4: 326.02 seconds
AF-Q49Y92-F1-model_v4: 314.50 seconds
AF-P14447-F1-model_v4: 285.69 seconds
AF-E1AWD2-F1-model_v4: 282.88 seconds
AF-Q48ED3-F1-model_v4: 319.16 seconds
AF-Q5LM13-F1-model_v4: 312.18 seconds
AF-Q2IJ58-F1-model_v4: 332.22 seconds
AF-Q6GGB8-F1-model_v4: 337.67 seconds
AF-Q9KVX4-F1-model_v4: 351.73 seconds
AF-A5FQ06-F1-model_v4: 294.60 seconds
AF-Q8R9W9-F1-model_v4: 291.13 seconds
AF-A8Y9F9-F1-model_v4: 279.55 seconds
AF-P26855-F1-model_v4: 298.94 seconds
AF-Q550F6-F1-model_v4: 333.88 seconds
AF-Q1D749-F1-model_v4: 308.41 seconds
AF-B8D7R7-F1-model_v4: 350.05 seconds
AF-Q0HJT8-F1-model_v4: 326.65 seconds
AF-Q554J3-F1-model_v4: 303.21 seconds
AF-Q23889-F1-model_v4: 293.02 seconds
AF-Q8GYG1-F1-model_v4: 322.51 seconds
AF-Q8XKP9-F1-model_v4: 331.61 seconds
AF-Q1XHV8-F1-model_v4: 303.91 seconds
AF-Q05611-F1-model_v4: 318.50 seconds
AF-Q8VQK7-F1-model_v4: 325.29 seconds
AF-Q5M0E6-F1-model_v4: 400.88 seconds
AF-B1ZSW3-F1-model_v4: 335.46 seconds
AF-Q02R79-F1-model_v4: 342.35 seconds
AF-B5YXQ1-F1-model_v4: 303.76 seconds
AF-Q8NXR5-F1-model_v4: 332.32 seconds
AF-Q0D0X6-F1-model_v4: 331.37 seconds
AF-Q4A0N0-F1-model_v4: 344.42 seconds
AF-A5IS03-F1-model_v4: 342.51 seconds
AF-Q6NUW5-F1-model_v4: 321.64 seconds
AF-P0A8Q5-F1-model_v4: 292.97 seconds
AF-P52632-F1-model_v4: 377.22 seconds
AF-B4TPJ8-F1-model_v4: 373.86 seconds
AF-Q9RHV9-F1-model_v4: 349.35 seconds
AF-P39630-F1-model_v4: 323.04 seconds
AF-Q8YHC2-F1-model_v4: 337.84 seconds
AF-Q5R5Q2-F1-model_v4: 354.86 seconds
AF-Q4WHP6-F1-model_v4: 395.05 seconds
AF-Q8PLQ0-F1-model_v4: 389.08 seconds
AF-B1IHQ4-F1-model_v4: 300.40 seconds
AF-Q5QZQ1-F1-model_v4: 316.22 seconds
AF-P51390-F1-model_v4: 287.89 seconds
AF-B0UQT7-F1-model_v4: 332.32 seconds
AF-A6TWI7-F1-model_v4: 307.13 seconds
AF-Q0HEX0-F1-model_v4: 339.63 seconds
AF-P37254-F1-model_v4: 383.84 seconds
AF-Q1R536-F1-model_v4: 345.25 seconds
AF-P64427-F1-model_v4: 336.62 seconds
AF-P03887-F1-model_v4: 330.14 seconds
AF-Q5BPT7-F1-model_v4: 335.72 seconds
AF-Q54MT6-F1-model_v4: 299.99 seconds
AF-P0CF53-F1-model_v4: 336.39 seconds
AF-A0A068Q6L2-F1-model_v4: 334.99 seconds
AF-Q6UGB2-F1-model_v4: 310.68 seconds
AF-Q161H6-F1-model_v4: 294.36 seconds
AF-Q9LYY2-F1-model_v4: 298.15 seconds
AF-D4A7T3-F1-model_v4: 406.41 seconds
AF-P30232-F1-model_v4: 293.69 seconds
AF-Q5FWT8-F1-model_v4: 355.07 seconds
AF-C4ZSN9-F1-model_v4: 299.89 seconds
AF-Q0SN06-F1-model_v4: 314.42 seconds
AF-Q5R9P3-F1-model_v4: 367.08 seconds
AF-Q3IR96-F1-model_v4: 326.99 seconds
AF-A6MMK8-F1-model_v4: 316.82 seconds
AF-Q8DQ56-F1-model_v4: 289.36 seconds
AF-Q9KPB5-F1-model_v4: 333.90 seconds
AF-Q5PQY6-F1-model_v4: 366.85 seconds
