nohup: ignoring input
Processing file: AF-A2SSV1-F1-model_v4
Finished processing: AF-A2SSV1-F1-model_v4 (Time: 341.74s)
Processing file: AF-P54855-F1-model_v4
Finished processing: AF-P54855-F1-model_v4 (Time: 336.84s)
Processing file: AF-Q1WT04-F1-model_v4
Finished processing: AF-Q1WT04-F1-model_v4 (Time: 328.86s)
Processing file: AF-Q7VHY7-F1-model_v4
Finished processing: AF-Q7VHY7-F1-model_v4 (Time: 326.99s)
Processing file: AF-Q836J6-F1-model_v4
Finished processing: AF-Q836J6-F1-model_v4 (Time: 350.16s)
Processing file: AF-P18637-F1-model_v4
Finished processing: AF-P18637-F1-model_v4 (Time: 311.47s)
Processing file: AF-Q5R6G8-F1-model_v4
Finished processing: AF-Q5R6G8-F1-model_v4 (Time: 335.00s)
Processing file: AF-B5F9X5-F1-model_v4
Finished processing: AF-B5F9X5-F1-model_v4 (Time: 325.57s)
Processing file: AF-Q57807-F1-model_v4
Finished processing: AF-Q57807-F1-model_v4 (Time: 314.96s)
Processing file: AF-Q89NF3-F1-model_v4
Finished processing: AF-Q89NF3-F1-model_v4 (Time: 322.90s)
Processing file: AF-Q8MKN0-F1-model_v4
Finished processing: AF-Q8MKN0-F1-model_v4 (Time: 326.18s)
Processing file: AF-Q2NYZ2-F1-model_v4
Finished processing: AF-Q2NYZ2-F1-model_v4 (Time: 331.65s)
Processing file: AF-A5IN94-F1-model_v4
Finished processing: AF-A5IN94-F1-model_v4 (Time: 309.57s)
Processing file: AF-Q9SYH4-F1-model_v4
Finished processing: AF-Q9SYH4-F1-model_v4 (Time: 329.44s)
Processing file: AF-P0C915-F1-model_v4
Finished processing: AF-P0C915-F1-model_v4 (Time: 290.68s)
Processing file: AF-Q9ES40-F1-model_v4
Finished processing: AF-Q9ES40-F1-model_v4 (Time: 298.54s)
Processing file: AF-Q7WDU1-F1-model_v4
Finished processing: AF-Q7WDU1-F1-model_v4 (Time: 385.22s)
Processing file: AF-Q7A1P6-F1-model_v4
Finished processing: AF-Q7A1P6-F1-model_v4 (Time: 295.40s)
Processing file: AF-Q7M4I5-F1-model_v4
Finished processing: AF-Q7M4I5-F1-model_v4 (Time: 296.44s)
Processing file: AF-Q7CRB2-F1-model_v4
Finished processing: AF-Q7CRB2-F1-model_v4 (Time: 326.55s)
Processing file: AF-Q62LT9-F1-model_v4
Finished processing: AF-Q62LT9-F1-model_v4 (Time: 295.89s)
Processing file: AF-Q7Z6I5-F1-model_v4
Finished processing: AF-Q7Z6I5-F1-model_v4 (Time: 334.98s)
Processing file: AF-A5CTY3-F1-model_v4
Finished processing: AF-A5CTY3-F1-model_v4 (Time: 339.39s)
Processing file: AF-Q6NU21-F1-model_v4
Finished processing: AF-Q6NU21-F1-model_v4 (Time: 384.30s)
Processing file: AF-Q9UTR1-F1-model_v4
Finished processing: AF-Q9UTR1-F1-model_v4 (Time: 393.72s)
Processing file: AF-Q9M056-F1-model_v4
Finished processing: AF-Q9M056-F1-model_v4 (Time: 354.91s)
Processing file: AF-Q8NID9-F1-model_v4
Finished processing: AF-Q8NID9-F1-model_v4 (Time: 327.72s)
Processing file: AF-Q39BP9-F1-model_v4
Finished processing: AF-Q39BP9-F1-model_v4 (Time: 280.78s)
Processing file: AF-A1L1G1-F1-model_v4
Finished processing: AF-A1L1G1-F1-model_v4 (Time: 365.21s)
Processing file: AF-A8GPH1-F1-model_v4
Finished processing: AF-A8GPH1-F1-model_v4 (Time: 346.90s)
Processing file: AF-Q2U3W4-F1-model_v4
Finished processing: AF-Q2U3W4-F1-model_v4 (Time: 337.07s)
Processing file: AF-A3QJZ7-F1-model_v4
Finished processing: AF-A3QJZ7-F1-model_v4 (Time: 346.47s)
Processing file: AF-Q63VT4-F1-model_v4
Finished processing: AF-Q63VT4-F1-model_v4 (Time: 303.55s)
Processing file: AF-Q72QT4-F1-model_v4
Finished processing: AF-Q72QT4-F1-model_v4 (Time: 345.83s)
Processing file: AF-A0KGS0-F1-model_v4
Finished processing: AF-A0KGS0-F1-model_v4 (Time: 315.47s)
Processing file: AF-A1VEB5-F1-model_v4
Finished processing: AF-A1VEB5-F1-model_v4 (Time: 292.58s)
Processing file: AF-Q8HQE8-F1-model_v4
Finished processing: AF-Q8HQE8-F1-model_v4 (Time: 339.59s)
Processing file: AF-Q6FJI9-F1-model_v4
Finished processing: AF-Q6FJI9-F1-model_v4 (Time: 300.29s)
Processing file: AF-B1XUJ4-F1-model_v4
Finished processing: AF-B1XUJ4-F1-model_v4 (Time: 289.14s)
Processing file: AF-B7LRR3-F1-model_v4
Finished processing: AF-B7LRR3-F1-model_v4 (Time: 310.69s)
Processing file: AF-Q8PH31-F1-model_v4
Finished processing: AF-Q8PH31-F1-model_v4 (Time: 342.95s)
Processing file: AF-A8NCK5-F1-model_v4
Finished processing: AF-A8NCK5-F1-model_v4 (Time: 335.52s)
Processing file: AF-Q7N2D8-F1-model_v4
Finished processing: AF-Q7N2D8-F1-model_v4 (Time: 338.46s)
Processing file: AF-Q89ES2-F1-model_v4
Finished processing: AF-Q89ES2-F1-model_v4 (Time: 311.00s)
Processing file: AF-A9BMV6-F1-model_v4
Finished processing: AF-A9BMV6-F1-model_v4 (Time: 338.21s)
Processing file: AF-Q5R8J6-F1-model_v4
Finished processing: AF-Q5R8J6-F1-model_v4 (Time: 321.43s)
Processing file: AF-Q8PHE9-F1-model_v4
Finished processing: AF-Q8PHE9-F1-model_v4 (Time: 291.24s)
Processing file: AF-Q8CNQ1-F1-model_v4
Finished processing: AF-Q8CNQ1-F1-model_v4 (Time: 296.54s)
Processing file: AF-Q9RPW6-F1-model_v4
Finished processing: AF-Q9RPW6-F1-model_v4 (Time: 331.55s)
Processing file: AF-A1AHS6-F1-model_v4
Finished processing: AF-A1AHS6-F1-model_v4 (Time: 347.50s)
Processing file: AF-B7NDK9-F1-model_v4
Finished processing: AF-B7NDK9-F1-model_v4 (Time: 299.10s)
Processing file: AF-O24454-F1-model_v4
Finished processing: AF-O24454-F1-model_v4 (Time: 326.26s)
Processing file: AF-Q42627-F1-model_v4
Finished processing: AF-Q42627-F1-model_v4 (Time: 316.74s)
Processing file: AF-Q9EUS8-F1-model_v4
Finished processing: AF-Q9EUS8-F1-model_v4 (Time: 371.94s)
Processing file: AF-Q5WEP2-F1-model_v4
Finished processing: AF-Q5WEP2-F1-model_v4 (Time: 311.09s)
Processing file: AF-A6Q6B5-F1-model_v4
Finished processing: AF-A6Q6B5-F1-model_v4 (Time: 291.92s)
Processing file: AF-Q1GBL8-F1-model_v4
Finished processing: AF-Q1GBL8-F1-model_v4 (Time: 321.89s)
Processing file: AF-Q731H9-F1-model_v4
Finished processing: AF-Q731H9-F1-model_v4 (Time: 342.44s)
Processing file: AF-Q3KM52-F1-model_v4
Finished processing: AF-Q3KM52-F1-model_v4 (Time: 299.26s)
Processing file: AF-A2C0A9-F1-model_v4
Finished processing: AF-A2C0A9-F1-model_v4 (Time: 310.29s)
Processing file: AF-A8FWL2-F1-model_v4
Finished processing: AF-A8FWL2-F1-model_v4 (Time: 288.98s)
Processing file: AF-B7MVB0-F1-model_v4
Finished processing: AF-B7MVB0-F1-model_v4 (Time: 318.90s)
Processing file: AF-Q81VQ1-F1-model_v4
Finished processing: AF-Q81VQ1-F1-model_v4 (Time: 315.48s)
Processing file: AF-Q7MH21-F1-model_v4
Finished processing: AF-Q7MH21-F1-model_v4 (Time: 349.65s)
Processing file: AF-Q401Y8-F1-model_v4
Finished processing: AF-Q401Y8-F1-model_v4 (Time: 286.67s)
Processing file: AF-B7II10-F1-model_v4
Finished processing: AF-B7II10-F1-model_v4 (Time: 285.10s)
Processing file: AF-P9WMW8-F1-model_v4
Finished processing: AF-P9WMW8-F1-model_v4 (Time: 325.03s)
Processing file: AF-Q0TEW9-F1-model_v4
Finished processing: AF-Q0TEW9-F1-model_v4 (Time: 325.75s)
Processing file: AF-Q54824-F1-model_v4
Finished processing: AF-Q54824-F1-model_v4 (Time: 334.88s)
Processing file: AF-P54457-F1-model_v4
Finished processing: AF-P54457-F1-model_v4 (Time: 309.34s)
Processing file: AF-Q6Q875-F1-model_v4
Finished processing: AF-Q6Q875-F1-model_v4 (Time: 324.99s)
Processing file: AF-Q9HII2-F1-model_v4
Finished processing: AF-Q9HII2-F1-model_v4 (Time: 332.73s)
Processing file: AF-Q3Z9L2-F1-model_v4
Finished processing: AF-Q3Z9L2-F1-model_v4 (Time: 301.71s)
Processing file: AF-B4SUS2-F1-model_v4
Finished processing: AF-B4SUS2-F1-model_v4 (Time: 287.12s)
Processing file: AF-Q3JZN3-F1-model_v4
Finished processing: AF-Q3JZN3-F1-model_v4 (Time: 327.66s)
Processing file: AF-Q7ZAK1-F1-model_v4
Finished processing: AF-Q7ZAK1-F1-model_v4 (Time: 398.85s)
Processing file: AF-Q1RHB4-F1-model_v4
Finished processing: AF-Q1RHB4-F1-model_v4 (Time: 320.42s)
Processing file: AF-Q0V842-F1-model_v4
Finished processing: AF-Q0V842-F1-model_v4 (Time: 346.04s)
Processing file: AF-A0RFW4-F1-model_v4
Finished processing: AF-A0RFW4-F1-model_v4 (Time: 358.63s)
Processing file: AF-Q30TI8-F1-model_v4
Finished processing: AF-Q30TI8-F1-model_v4 (Time: 308.32s)
Processing file: AF-Q0SZX7-F1-model_v4
Finished processing: AF-Q0SZX7-F1-model_v4 (Time: 384.23s)
Processing file: AF-A3F7X2-F1-model_v4
Finished processing: AF-A3F7X2-F1-model_v4 (Time: 284.71s)
Processing file: AF-P46665-F1-model_v4
Finished processing: AF-P46665-F1-model_v4 (Time: 343.70s)
Processing file: AF-Q72J91-F1-model_v4
Finished processing: AF-Q72J91-F1-model_v4 (Time: 321.63s)
Processing file: AF-E9CY14-F1-model_v4
Finished processing: AF-E9CY14-F1-model_v4 (Time: 325.93s)
Processing file: AF-A5F3G7-F1-model_v4
Finished processing: AF-A5F3G7-F1-model_v4 (Time: 309.61s)
Processing file: AF-E9PYH6-F1-model_v4
Finished processing: AF-E9PYH6-F1-model_v4 (Time: 483.80s)
Processing file: AF-Q9LX29-F1-model_v4
Finished processing: AF-Q9LX29-F1-model_v4 (Time: 383.88s)
Processing file: AF-Q5X1H3-F1-model_v4
Finished processing: AF-Q5X1H3-F1-model_v4 (Time: 348.65s)
Processing file: AF-Q2N758-F1-model_v4
Finished processing: AF-Q2N758-F1-model_v4 (Time: 281.68s)
Processing file: AF-P0CI47-F1-model_v4
Finished processing: AF-P0CI47-F1-model_v4 (Time: 288.71s)
Processing file: AF-P9WMU0-F1-model_v4
Finished processing: AF-P9WMU0-F1-model_v4 (Time: 303.00s)
Processing file: AF-Q553D3-F1-model_v4
Finished processing: AF-Q553D3-F1-model_v4 (Time: 366.31s)
Processing file: AF-B4EWN4-F1-model_v4
Finished processing: AF-B4EWN4-F1-model_v4 (Time: 363.24s)
Processing file: AF-Q6NHN2-F1-model_v4
Finished processing: AF-Q6NHN2-F1-model_v4 (Time: 315.13s)
Processing file: AF-Q8CPI1-F1-model_v4
Finished processing: AF-Q8CPI1-F1-model_v4 (Time: 319.82s)
Processing file: AF-Q04828-F1-model_v4
Finished processing: AF-Q04828-F1-model_v4 (Time: 323.57s)
Processing file: AF-Q8Z153-F1-model_v4
Finished processing: AF-Q8Z153-F1-model_v4 (Time: 316.73s)
Processing file: AF-A5VIR6-F1-model_v4
Finished processing: AF-A5VIR6-F1-model_v4 (Time: 284.92s)
Processing file: AF-Q83GK0-F1-model_v4
Finished processing: AF-Q83GK0-F1-model_v4 (Time: 318.78s)
Processing file: AF-Q9K1I6-F1-model_v4
Finished processing: AF-Q9K1I6-F1-model_v4 (Time: 297.15s)
Processing file: AF-Q08046-F1-model_v4
Finished processing: AF-Q08046-F1-model_v4 (Time: 328.59s)
Processing file: AF-Q13LW8-F1-model_v4
Finished processing: AF-Q13LW8-F1-model_v4 (Time: 307.14s)
Processing file: AF-Q9SXY0-F1-model_v4
Finished processing: AF-Q9SXY0-F1-model_v4 (Time: 354.22s)
Processing file: AF-Q54SF4-F1-model_v4
Finished processing: AF-Q54SF4-F1-model_v4 (Time: 389.22s)
Processing file: AF-Q83IH7-F1-model_v4
Finished processing: AF-Q83IH7-F1-model_v4 (Time: 357.99s)
Processing file: AF-C6DEU2-F1-model_v4
Finished processing: AF-C6DEU2-F1-model_v4 (Time: 338.54s)
Processing file: AF-P19642-F1-model_v4
Finished processing: AF-P19642-F1-model_v4 (Time: 348.79s)
Processing file: AF-A2T371-F1-model_v4
Finished processing: AF-A2T371-F1-model_v4 (Time: 299.25s)
Processing file: AF-Q6G529-F1-model_v4
Finished processing: AF-Q6G529-F1-model_v4 (Time: 304.80s)
Processing file: AF-Q8BUH7-F1-model_v4
Finished processing: AF-Q8BUH7-F1-model_v4 (Time: 305.08s)
Processing file: AF-A1JRY6-F1-model_v4
Finished processing: AF-A1JRY6-F1-model_v4 (Time: 288.51s)
Processing file: AF-Q920G0-F1-model_v4
Finished processing: AF-Q920G0-F1-model_v4 (Time: 324.31s)
Processing file: AF-P86029-F1-model_v4
Finished processing: AF-P86029-F1-model_v4 (Time: 318.55s)
Processing file: AF-C1CRK5-F1-model_v4
Finished processing: AF-C1CRK5-F1-model_v4 (Time: 307.93s)
Processing file: AF-B8D736-F1-model_v4
Finished processing: AF-B8D736-F1-model_v4 (Time: 299.97s)
Processing file: AF-Q47D98-F1-model_v4
Finished processing: AF-Q47D98-F1-model_v4 (Time: 357.90s)
Processing file: AF-A3M7W0-F1-model_v4
Finished processing: AF-A3M7W0-F1-model_v4 (Time: 311.04s)
Processing file: AF-Q9TM40-F1-model_v4
Finished processing: AF-Q9TM40-F1-model_v4 (Time: 308.64s)
Processing file: AF-O51119-F1-model_v4
Finished processing: AF-O51119-F1-model_v4 (Time: 318.91s)
Processing file: AF-A4WHN0-F1-model_v4
Finished processing: AF-A4WHN0-F1-model_v4 (Time: 325.85s)
Processing file: AF-A0R619-F1-model_v4
Finished processing: AF-A0R619-F1-model_v4 (Time: 307.81s)
Processing file: AF-P04085-F1-model_v4
Finished processing: AF-P04085-F1-model_v4 (Time: 303.75s)
Processing file: AF-O82373-F1-model_v4
Finished processing: AF-O82373-F1-model_v4 (Time: 336.54s)
Processing file: AF-A3PVF1-F1-model_v4
Finished processing: AF-A3PVF1-F1-model_v4 (Time: 323.56s)
Processing file: AF-B2U4C2-F1-model_v4
Finished processing: AF-B2U4C2-F1-model_v4 (Time: 300.47s)
Processing file: AF-Q91WU5-F1-model_v4
Finished processing: AF-Q91WU5-F1-model_v4 (Time: 321.88s)
Processing file: AF-A5EQ10-F1-model_v4
Finished processing: AF-A5EQ10-F1-model_v4 (Time: 297.94s)
Processing file: AF-A1WVQ5-F1-model_v4
Finished processing: AF-A1WVQ5-F1-model_v4 (Time: 317.41s)
Processing file: AF-Q21SF8-F1-model_v4
Finished processing: AF-Q21SF8-F1-model_v4 (Time: 387.75s)
Processing file: AF-B7LWN0-F1-model_v4
Finished processing: AF-B7LWN0-F1-model_v4 (Time: 328.64s)
Processing file: AF-A4QFZ5-F1-model_v4
Finished processing: AF-A4QFZ5-F1-model_v4 (Time: 309.51s)
Processing file: AF-Q09763-F1-model_v4
Finished processing: AF-Q09763-F1-model_v4 (Time: 365.07s)
Processing file: AF-P45952-F1-model_v4
Finished processing: AF-P45952-F1-model_v4 (Time: 342.58s)
Processing file: AF-Q9HHU0-F1-model_v4
Finished processing: AF-Q9HHU0-F1-model_v4 (Time: 310.84s)
Processing file: AF-Q8BG51-F1-model_v4
Finished processing: AF-Q8BG51-F1-model_v4 (Time: 341.61s)
Processing file: AF-B0JQG5-F1-model_v4
Finished processing: AF-B0JQG5-F1-model_v4 (Time: 284.87s)
Processing file: AF-P17166-F1-model_v4
Finished processing: AF-P17166-F1-model_v4 (Time: 320.49s)
Processing file: AF-Q96UY1-F1-model_v4
Finished processing: AF-Q96UY1-F1-model_v4 (Time: 320.85s)
Processing file: AF-Q1CH53-F1-model_v4
Finished processing: AF-Q1CH53-F1-model_v4 (Time: 289.70s)
Processing file: AF-Q13496-F1-model_v4
Finished processing: AF-Q13496-F1-model_v4 (Time: 326.29s)
Processing file: AF-C1AHN2-F1-model_v4
Finished processing: AF-C1AHN2-F1-model_v4 (Time: 327.60s)
Processing file: AF-A9WCV7-F1-model_v4
Finished processing: AF-A9WCV7-F1-model_v4 (Time: 314.28s)
Processing file: AF-Q032R6-F1-model_v4
Finished processing: AF-Q032R6-F1-model_v4 (Time: 333.92s)
Processing file: AF-A6U2J8-F1-model_v4
Finished processing: AF-A6U2J8-F1-model_v4 (Time: 341.93s)
Processing file: AF-Q5FWQ6-F1-model_v4
Finished processing: AF-Q5FWQ6-F1-model_v4 (Time: 328.64s)
Processing file: AF-B1JU60-F1-model_v4
Finished processing: AF-B1JU60-F1-model_v4 (Time: 302.99s)
Processing file: AF-P0C1H2-F1-model_v4
Finished processing: AF-P0C1H2-F1-model_v4 (Time: 269.61s)
Processing file: AF-A8Y1R8-F1-model_v4
Finished processing: AF-A8Y1R8-F1-model_v4 (Time: 300.21s)
Processing file: AF-P49985-F1-model_v4
Finished processing: AF-P49985-F1-model_v4 (Time: 333.65s)
Processing file: AF-A4IYU3-F1-model_v4
Finished processing: AF-A4IYU3-F1-model_v4 (Time: 322.56s)
Processing file: AF-B8QGZ3-F1-model_v4
Finished processing: AF-B8QGZ3-F1-model_v4 (Time: 392.40s)
Processing file: AF-Q9DC28-F1-model_v4
Finished processing: AF-Q9DC28-F1-model_v4 (Time: 342.78s)
Processing file: AF-Q5BE65-F1-model_v4
Finished processing: AF-Q5BE65-F1-model_v4 (Time: 324.56s)
Processing file: AF-P58195-F1-model_v4
Finished processing: AF-P58195-F1-model_v4 (Time: 337.96s)
Processing file: AF-Q5EA50-F1-model_v4
Finished processing: AF-Q5EA50-F1-model_v4 (Time: 328.25s)
Processing file: AF-Q1CE09-F1-model_v4
Finished processing: AF-Q1CE09-F1-model_v4 (Time: 302.76s)
Processing file: AF-Q9KT87-F1-model_v4
Finished processing: AF-Q9KT87-F1-model_v4 (Time: 297.71s)
Processing file: AF-Q8LX57-F1-model_v4
Finished processing: AF-Q8LX57-F1-model_v4 (Time: 284.69s)
Processing file: AF-Q5HT33-F1-model_v4
Finished processing: AF-Q5HT33-F1-model_v4 (Time: 336.14s)
Processing file: AF-Q5N0M4-F1-model_v4
Finished processing: AF-Q5N0M4-F1-model_v4 (Time: 336.88s)
Processing file: AF-Q8W405-F1-model_v4
Finished processing: AF-Q8W405-F1-model_v4 (Time: 324.21s)
Processing file: AF-A0A0D4WV12-F1-model_v4
Finished processing: AF-A0A0D4WV12-F1-model_v4 (Time: 326.79s)
Processing file: AF-Q2JL51-F1-model_v4
Finished processing: AF-Q2JL51-F1-model_v4 (Time: 335.30s)
Processing file: AF-A5WP74-F1-model_v4
Finished processing: AF-A5WP74-F1-model_v4 (Time: 345.45s)
Processing file: AF-P59076-F1-model_v4
Finished processing: AF-P59076-F1-model_v4 (Time: 346.12s)
Processing file: AF-B6JUV1-F1-model_v4
Finished processing: AF-B6JUV1-F1-model_v4 (Time: 322.46s)
Processing file: AF-Q17N69-F1-model_v4
Finished processing: AF-Q17N69-F1-model_v4 (Time: 331.49s)
Processing file: AF-Q758A4-F1-model_v4
Finished processing: AF-Q758A4-F1-model_v4 (Time: 298.12s)
Processing file: AF-B9L173-F1-model_v4
Finished processing: AF-B9L173-F1-model_v4 (Time: 328.59s)
Processing file: AF-B0CFM3-F1-model_v4
Finished processing: AF-B0CFM3-F1-model_v4 (Time: 316.13s)
Processing file: AF-A5FZG9-F1-model_v4
Finished processing: AF-A5FZG9-F1-model_v4 (Time: 350.31s)
Processing file: AF-B8MLF7-F1-model_v4
Finished processing: AF-B8MLF7-F1-model_v4 (Time: 314.65s)
Processing file: AF-Q5GSY3-F1-model_v4
Finished processing: AF-Q5GSY3-F1-model_v4 (Time: 297.18s)
Processing file: AF-Q5M7F8-F1-model_v4
Finished processing: AF-Q5M7F8-F1-model_v4 (Time: 298.12s)
Processing file: AF-A0KNY9-F1-model_v4
Finished processing: AF-A0KNY9-F1-model_v4 (Time: 337.86s)
Processing file: AF-B6HJU4-F1-model_v4
Finished processing: AF-B6HJU4-F1-model_v4 (Time: 345.96s)
Processing file: AF-A5CUA8-F1-model_v4
Finished processing: AF-A5CUA8-F1-model_v4 (Time: 298.74s)
Processing file: AF-Q72G08-F1-model_v4
Finished processing: AF-Q72G08-F1-model_v4 (Time: 327.50s)
Processing file: AF-A4VGR5-F1-model_v4
Finished processing: AF-A4VGR5-F1-model_v4 (Time: 283.86s)
Processing file: AF-A4IX68-F1-model_v4
Finished processing: AF-A4IX68-F1-model_v4 (Time: 373.50s)
Processing file: AF-Q1IX74-F1-model_v4
Finished processing: AF-Q1IX74-F1-model_v4 (Time: 298.35s)
Processing file: AF-O17450-F1-model_v4
Finished processing: AF-O17450-F1-model_v4 (Time: 315.62s)
Processing file: AF-Q8MJ05-F1-model_v4
Finished processing: AF-Q8MJ05-F1-model_v4 (Time: 529.84s)
Processing file: AF-P62430-F1-model_v4
Finished processing: AF-P62430-F1-model_v4 (Time: 309.80s)
Processing file: AF-A0A084JZF2-F1-model_v4
Finished processing: AF-A0A084JZF2-F1-model_v4 (Time: 315.76s)
Processing file: AF-P38911-F1-model_v4
Finished processing: AF-P38911-F1-model_v4 (Time: 347.83s)
Processing file: AF-Q5U1X1-F1-model_v4
Finished processing: AF-Q5U1X1-F1-model_v4 (Time: 309.44s)
Processing file: AF-B0BSV5-F1-model_v4
Finished processing: AF-B0BSV5-F1-model_v4 (Time: 295.28s)
Processing file: AF-P51808-F1-model_v4
Finished processing: AF-P51808-F1-model_v4 (Time: 298.94s)
Processing file: AF-B7UGN6-F1-model_v4
Finished processing: AF-B7UGN6-F1-model_v4 (Time: 312.12s)
Processing file: AF-A8F996-F1-model_v4
Finished processing: AF-A8F996-F1-model_v4 (Time: 294.40s)
Processing file: AF-Q2K6C3-F1-model_v4
Finished processing: AF-Q2K6C3-F1-model_v4 (Time: 317.01s)
Processing file: AF-Q1RCR7-F1-model_v4
Finished processing: AF-Q1RCR7-F1-model_v4 (Time: 287.12s)
Processing file: AF-A8G9M8-F1-model_v4
Finished processing: AF-A8G9M8-F1-model_v4 (Time: 326.53s)
Processing file: AF-B7NDG7-F1-model_v4
Finished processing: AF-B7NDG7-F1-model_v4 (Time: 333.90s)
Processing file: AF-Q8RWB8-F1-model_v4
Finished processing: AF-Q8RWB8-F1-model_v4 (Time: 387.71s)
Processing file: AF-Q8TWM5-F1-model_v4
Finished processing: AF-Q8TWM5-F1-model_v4 (Time: 323.63s)
Processing file: AF-A1TVU7-F1-model_v4
Finished processing: AF-A1TVU7-F1-model_v4 (Time: 371.42s)
Processing file: AF-Q8E9D9-F1-model_v4
Finished processing: AF-Q8E9D9-F1-model_v4 (Time: 338.54s)
Processing file: AF-Q8Y2W3-F1-model_v4
Finished processing: AF-Q8Y2W3-F1-model_v4 (Time: 301.59s)
Processing file: AF-A4TL05-F1-model_v4
Finished processing: AF-A4TL05-F1-model_v4 (Time: 349.64s)
Processing file: AF-Q9D3W5-F1-model_v4
Finished processing: AF-Q9D3W5-F1-model_v4 (Time: 337.30s)
Processing file: AF-Q38VZ2-F1-model_v4
Finished processing: AF-Q38VZ2-F1-model_v4 (Time: 325.86s)
Processing file: AF-A9KX06-F1-model_v4
Finished processing: AF-A9KX06-F1-model_v4 (Time: 355.39s)
Processing file: AF-B9MMQ3-F1-model_v4
Finished processing: AF-B9MMQ3-F1-model_v4 (Time: 293.42s)
Processing file: AF-B1JQC6-F1-model_v4
Finished processing: AF-B1JQC6-F1-model_v4 (Time: 303.60s)
Processing file: AF-P00992-F1-model_v4
Finished processing: AF-P00992-F1-model_v4 (Time: 283.24s)
Processing file: AF-Q6D0J6-F1-model_v4
Finished processing: AF-Q6D0J6-F1-model_v4 (Time: 303.75s)
Processing file: AF-B0RU60-F1-model_v4
Finished processing: AF-B0RU60-F1-model_v4 (Time: 312.55s)
Processing file: AF-A4XSP7-F1-model_v4
Finished processing: AF-A4XSP7-F1-model_v4 (Time: 297.75s)
Processing file: AF-Q5Z6G5-F1-model_v4
Finished processing: AF-Q5Z6G5-F1-model_v4 (Time: 335.86s)
Processing file: AF-A2YV85-F1-model_v4
Finished processing: AF-A2YV85-F1-model_v4 (Time: 369.37s)
Processing file: AF-Q04F69-F1-model_v4
Finished processing: AF-Q04F69-F1-model_v4 (Time: 358.22s)
Processing file: AF-Q99ZD3-F1-model_v4
Finished processing: AF-Q99ZD3-F1-model_v4 (Time: 372.51s)
Processing file: AF-Q2YAX8-F1-model_v4
Finished processing: AF-Q2YAX8-F1-model_v4 (Time: 286.39s)
Processing file: AF-A4L9J0-F1-model_v4
Finished processing: AF-A4L9J0-F1-model_v4 (Time: 330.70s)
Processing file: AF-A2SLF0-F1-model_v4
Finished processing: AF-A2SLF0-F1-model_v4 (Time: 306.24s)
Processing file: AF-Q3AZ40-F1-model_v4
Finished processing: AF-Q3AZ40-F1-model_v4 (Time: 316.94s)
Processing file: AF-Q1ACH9-F1-model_v4
Finished processing: AF-Q1ACH9-F1-model_v4 (Time: 286.35s)
Processing file: AF-P10932-F1-model_v4
Finished processing: AF-P10932-F1-model_v4 (Time: 300.84s)
Processing file: AF-A4TEI3-F1-model_v4
Finished processing: AF-A4TEI3-F1-model_v4 (Time: 298.42s)
Processing file: AF-A3DLV7-F1-model_v4
Finished processing: AF-A3DLV7-F1-model_v4 (Time: 316.44s)
Processing file: AF-O27875-F1-model_v4
Finished processing: AF-O27875-F1-model_v4 (Time: 308.08s)
Processing file: AF-A4GDT1-F1-model_v4
Finished processing: AF-A4GDT1-F1-model_v4 (Time: 293.78s)
Processing file: AF-Q1R0G6-F1-model_v4
Finished processing: AF-Q1R0G6-F1-model_v4 (Time: 301.33s)
Processing file: AF-Q4FP46-F1-model_v4
Finished processing: AF-Q4FP46-F1-model_v4 (Time: 326.12s)
Processing file: AF-B2S0W8-F1-model_v4
Finished processing: AF-B2S0W8-F1-model_v4 (Time: 320.27s)
Processing file: AF-B7NRH6-F1-model_v4
Finished processing: AF-B7NRH6-F1-model_v4 (Time: 310.47s)
Processing file: AF-Q9UFB7-F1-model_v4
Finished processing: AF-Q9UFB7-F1-model_v4 (Time: 344.08s)
Processing file: AF-A7HXZ5-F1-model_v4
Finished processing: AF-A7HXZ5-F1-model_v4 (Time: 330.92s)
Processing file: AF-Q5RKL7-F1-model_v4
Finished processing: AF-Q5RKL7-F1-model_v4 (Time: 343.23s)
Processing file: AF-Q5R4W9-F1-model_v4
Finished processing: AF-Q5R4W9-F1-model_v4 (Time: 304.94s)
Processing file: AF-Q827A4-F1-model_v4
Finished processing: AF-Q827A4-F1-model_v4 (Time: 315.03s)
Processing file: AF-A1AFD9-F1-model_v4
Finished processing: AF-A1AFD9-F1-model_v4 (Time: 290.48s)
Processing file: AF-Q75ZP8-F1-model_v4
Finished processing: AF-Q75ZP8-F1-model_v4 (Time: 346.87s)
Processing file: AF-Q60169-F1-model_v4
Finished processing: AF-Q60169-F1-model_v4 (Time: 329.03s)
Processing file: AF-Q2JLH7-F1-model_v4
Finished processing: AF-Q2JLH7-F1-model_v4 (Time: 316.59s)
Processing file: AF-A0L900-F1-model_v4
Finished processing: AF-A0L900-F1-model_v4 (Time: 351.72s)
Processing file: AF-Q9AVJ9-F1-model_v4
Finished processing: AF-Q9AVJ9-F1-model_v4 (Time: 344.12s)
Processing file: AF-B4SA80-F1-model_v4
Finished processing: AF-B4SA80-F1-model_v4 (Time: 317.83s)
Processing file: AF-B3A0R4-F1-model_v4
Finished processing: AF-B3A0R4-F1-model_v4 (Time: 313.39s)
Processing file: AF-Q92GY5-F1-model_v4
Finished processing: AF-Q92GY5-F1-model_v4 (Time: 282.46s)
Processing file: AF-B2S535-F1-model_v4
Finished processing: AF-B2S535-F1-model_v4 (Time: 303.61s)
Processing file: AF-Q0SNK7-F1-model_v4
Finished processing: AF-Q0SNK7-F1-model_v4 (Time: 331.76s)
Processing file: AF-Q03161-F1-model_v4
Finished processing: AF-Q03161-F1-model_v4 (Time: 324.88s)
Processing file: AF-P07497-F1-model_v4
Finished processing: AF-P07497-F1-model_v4 (Time: 287.05s)
Processing file: AF-Q8HQ92-F1-model_v4
Finished processing: AF-Q8HQ92-F1-model_v4 (Time: 320.33s)
Processing file: AF-C1GDH9-F1-model_v4
Finished processing: AF-C1GDH9-F1-model_v4 (Time: 347.85s)
Processing file: AF-P9WQG3-F1-model_v4
Finished processing: AF-P9WQG3-F1-model_v4 (Time: 334.99s)
Processing file: AF-O65107-F1-model_v4
Finished processing: AF-O65107-F1-model_v4 (Time: 284.48s)
Processing file: AF-B7HY57-F1-model_v4
Finished processing: AF-B7HY57-F1-model_v4 (Time: 299.48s)
Processing file: AF-Q9S2N4-F1-model_v4
Finished processing: AF-Q9S2N4-F1-model_v4 (Time: 323.45s)
Processing file: AF-A6QB70-F1-model_v4
Finished processing: AF-A6QB70-F1-model_v4 (Time: 329.38s)
Processing file: AF-Q21WP7-F1-model_v4
Finished processing: AF-Q21WP7-F1-model_v4 (Time: 311.91s)
Processing file: AF-Q99P96-F1-model_v4
Finished processing: AF-Q99P96-F1-model_v4 (Time: 312.28s)
Processing file: AF-Q7A1V6-F1-model_v4
Finished processing: AF-Q7A1V6-F1-model_v4 (Time: 298.16s)
Processing file: AF-Q978V5-F1-model_v4
Finished processing: AF-Q978V5-F1-model_v4 (Time: 310.83s)
Processing file: AF-Q2L2H3-F1-model_v4
Finished processing: AF-Q2L2H3-F1-model_v4 (Time: 308.99s)
Processing file: AF-Q3SX45-F1-model_v4
Finished processing: AF-Q3SX45-F1-model_v4 (Time: 350.51s)
Processing file: AF-C5CCD4-F1-model_v4
Finished processing: AF-C5CCD4-F1-model_v4 (Time: 371.06s)
Processing file: AF-Q9PLY2-F1-model_v4
Finished processing: AF-Q9PLY2-F1-model_v4 (Time: 278.77s)
Processing file: AF-Q0T2M7-F1-model_v4
Finished processing: AF-Q0T2M7-F1-model_v4 (Time: 322.27s)
Processing file: AF-Q9K6Z3-F1-model_v4
Finished processing: AF-Q9K6Z3-F1-model_v4 (Time: 316.68s)
Processing file: AF-B4TI37-F1-model_v4
Finished processing: AF-B4TI37-F1-model_v4 (Time: 306.94s)
Processing file: AF-G5EEU2-F1-model_v4
Finished processing: AF-G5EEU2-F1-model_v4 (Time: 332.84s)
Processing file: AF-C5CI63-F1-model_v4
Finished processing: AF-C5CI63-F1-model_v4 (Time: 334.66s)
Processing file: AF-P0C7N1-F1-model_v4
Finished processing: AF-P0C7N1-F1-model_v4 (Time: 315.49s)
Processing file: AF-Q2JUC0-F1-model_v4
Finished processing: AF-Q2JUC0-F1-model_v4 (Time: 303.06s)
Processing file: AF-Q09580-F1-model_v4
Finished processing: AF-Q09580-F1-model_v4 (Time: 355.42s)
Processing file: AF-A3LWX3-F1-model_v4
Finished processing: AF-A3LWX3-F1-model_v4 (Time: 332.05s)
Processing file: AF-Q95QZ9-F1-model_v4
Finished processing: AF-Q95QZ9-F1-model_v4 (Time: 337.43s)
Processing file: AF-C1CCD5-F1-model_v4
Finished processing: AF-C1CCD5-F1-model_v4 (Time: 303.81s)
Processing file: AF-P0DB61-F1-model_v4
Finished processing: AF-P0DB61-F1-model_v4 (Time: 332.04s)
Processing file: AF-Q6UBQ3-F1-model_v4
Finished processing: AF-Q6UBQ3-F1-model_v4 (Time: 371.48s)
Processing file: AF-P75466-F1-model_v4
Finished processing: AF-P75466-F1-model_v4 (Time: 323.11s)
Processing file: AF-Q3KHB0-F1-model_v4
Finished processing: AF-Q3KHB0-F1-model_v4 (Time: 314.29s)
Processing file: AF-Q9HD33-F1-model_v4
Finished processing: AF-Q9HD33-F1-model_v4 (Time: 316.16s)
Processing file: AF-Q92561-F1-model_v4
Finished processing: AF-Q92561-F1-model_v4 (Time: 328.04s)
Processing file: AF-Q9I576-F1-model_v4
Finished processing: AF-Q9I576-F1-model_v4 (Time: 342.17s)
Processing file: AF-Q64249-F1-model_v4
Finished processing: AF-Q64249-F1-model_v4 (Time: 326.83s)
Processing file: AF-A9R007-F1-model_v4
Finished processing: AF-A9R007-F1-model_v4 (Time: 313.09s)
Processing file: AF-Q8ZTY6-F1-model_v4
Finished processing: AF-Q8ZTY6-F1-model_v4 (Time: 273.37s)
Processing file: AF-O31762-F1-model_v4
Finished processing: AF-O31762-F1-model_v4 (Time: 355.73s)
Processing file: AF-Q41276-F1-model_v4
Finished processing: AF-Q41276-F1-model_v4 (Time: 310.15s)
Processing file: AF-Q5XI64-F1-model_v4
Finished processing: AF-Q5XI64-F1-model_v4 (Time: 322.08s)
Processing file: AF-Q9Z255-F1-model_v4
Finished processing: AF-Q9Z255-F1-model_v4 (Time: 297.83s)
Processing file: AF-Q2KTE1-F1-model_v4
Finished processing: AF-Q2KTE1-F1-model_v4 (Time: 327.30s)
Processing file: AF-A6GZI2-F1-model_v4
Finished processing: AF-A6GZI2-F1-model_v4 (Time: 320.50s)
Processing file: AF-P54151-F1-model_v4
Finished processing: AF-P54151-F1-model_v4 (Time: 319.63s)
Processing file: AF-Q126I7-F1-model_v4
Finished processing: AF-Q126I7-F1-model_v4 (Time: 323.59s)
Processing file: AF-Q5RBZ8-F1-model_v4
Finished processing: AF-Q5RBZ8-F1-model_v4 (Time: 318.47s)
Processing file: AF-A7X2U5-F1-model_v4
Finished processing: AF-A7X2U5-F1-model_v4 (Time: 286.82s)
Processing file: AF-B4UEL4-F1-model_v4
Finished processing: AF-B4UEL4-F1-model_v4 (Time: 316.77s)
Processing file: AF-Q2W0H2-F1-model_v4
Finished processing: AF-Q2W0H2-F1-model_v4 (Time: 348.95s)
Processing file: AF-B2U7R6-F1-model_v4
Finished processing: AF-B2U7R6-F1-model_v4 (Time: 355.28s)
Processing file: AF-B9IRW2-F1-model_v4
Finished processing: AF-B9IRW2-F1-model_v4 (Time: 325.95s)
Processing file: AF-C5B780-F1-model_v4
Finished processing: AF-C5B780-F1-model_v4 (Time: 354.20s)
Processing file: AF-A9MFM3-F1-model_v4
Finished processing: AF-A9MFM3-F1-model_v4 (Time: 303.81s)
Processing file: AF-A1AWC8-F1-model_v4
Finished processing: AF-A1AWC8-F1-model_v4 (Time: 304.28s)
Processing file: AF-P94170-F1-model_v4
Finished processing: AF-P94170-F1-model_v4 (Time: 317.74s)
Processing file: AF-P60783-F1-model_v4
Finished processing: AF-P60783-F1-model_v4 (Time: 295.89s)
Processing file: AF-Q3YXH8-F1-model_v4
Finished processing: AF-Q3YXH8-F1-model_v4 (Time: 285.25s)
Processing file: AF-B3N4J9-F1-model_v4
Finished processing: AF-B3N4J9-F1-model_v4 (Time: 282.58s)
Processing file: AF-O62255-F1-model_v4
Finished processing: AF-O62255-F1-model_v4 (Time: 364.94s)
Processing file: AF-B5BGW7-F1-model_v4
Finished processing: AF-B5BGW7-F1-model_v4 (Time: 294.15s)
Processing file: AF-P36608-F1-model_v4
Finished processing: AF-P36608-F1-model_v4 (Time: 302.78s)
Processing file: AF-A3QAX8-F1-model_v4
Finished processing: AF-A3QAX8-F1-model_v4 (Time: 327.05s)
Processing file: AF-B8D0L5-F1-model_v4
Finished processing: AF-B8D0L5-F1-model_v4 (Time: 335.65s)
Processing file: AF-Q73BA1-F1-model_v4
Finished processing: AF-Q73BA1-F1-model_v4 (Time: 311.39s)
Processing file: AF-B4S752-F1-model_v4
Finished processing: AF-B4S752-F1-model_v4 (Time: 294.67s)
Processing file: AF-O74826-F1-model_v4
Finished processing: AF-O74826-F1-model_v4 (Time: 316.79s)
Processing file: AF-D2A996-F1-model_v4
Finished processing: AF-D2A996-F1-model_v4 (Time: 308.79s)
Processing file: AF-Q7M720-F1-model_v4
Finished processing: AF-Q7M720-F1-model_v4 (Time: 335.51s)
Processing file: AF-Q83QD0-F1-model_v4
Finished processing: AF-Q83QD0-F1-model_v4 (Time: 345.42s)
Processing file: AF-Q6DEY3-F1-model_v4
Finished processing: AF-Q6DEY3-F1-model_v4 (Time: 310.88s)
Processing file: AF-C4ZYE1-F1-model_v4
Finished processing: AF-C4ZYE1-F1-model_v4 (Time: 286.77s)
Processing file: AF-Q6U8D7-F1-model_v4
Finished processing: AF-Q6U8D7-F1-model_v4 (Time: 326.27s)
Processing file: AF-B5Y0X6-F1-model_v4
Finished processing: AF-B5Y0X6-F1-model_v4 (Time: 304.72s)
Processing file: AF-Q5QYD9-F1-model_v4
Finished processing: AF-Q5QYD9-F1-model_v4 (Time: 298.56s)
Processing file: AF-Q8HZK2-F1-model_v4
Finished processing: AF-Q8HZK2-F1-model_v4 (Time: 412.99s)
Processing file: AF-P40577-F1-model_v4
Finished processing: AF-P40577-F1-model_v4 (Time: 323.78s)
Processing file: AF-A1WWV9-F1-model_v4
Finished processing: AF-A1WWV9-F1-model_v4 (Time: 329.27s)
Processing file: AF-A6WUI8-F1-model_v4
Finished processing: AF-A6WUI8-F1-model_v4 (Time: 327.28s)
Processing file: AF-C3PKU4-F1-model_v4
Finished processing: AF-C3PKU4-F1-model_v4 (Time: 369.11s)
Processing file: AF-P09152-F1-model_v4
Finished processing: AF-P09152-F1-model_v4 (Time: 373.48s)
Processing file: AF-A3DAS0-F1-model_v4
Finished processing: AF-A3DAS0-F1-model_v4 (Time: 291.83s)
Processing file: AF-Q1PFA4-F1-model_v4
Finished processing: AF-Q1PFA4-F1-model_v4 (Time: 335.77s)
Processing file: AF-B5FPP3-F1-model_v4
Finished processing: AF-B5FPP3-F1-model_v4 (Time: 326.73s)
Processing file: AF-Q9TT90-F1-model_v4
Finished processing: AF-Q9TT90-F1-model_v4 (Time: 375.48s)
Processing file: AF-Q87NZ5-F1-model_v4
Finished processing: AF-Q87NZ5-F1-model_v4 (Time: 350.10s)
Processing file: AF-Q9HK34-F1-model_v4
Finished processing: AF-Q9HK34-F1-model_v4 (Time: 302.15s)
Processing file: AF-Q3BY34-F1-model_v4
Finished processing: AF-Q3BY34-F1-model_v4 (Time: 313.03s)
Processing file: AF-C5E4V5-F1-model_v4
Finished processing: AF-C5E4V5-F1-model_v4 (Time: 337.12s)
Processing file: AF-B2T0I5-F1-model_v4
Finished processing: AF-B2T0I5-F1-model_v4 (Time: 305.42s)
Processing file: AF-Q97BP2-F1-model_v4
Finished processing: AF-Q97BP2-F1-model_v4 (Time: 327.09s)
Processing file: AF-A7X238-F1-model_v4
Finished processing: AF-A7X238-F1-model_v4 (Time: 319.90s)
Processing file: AF-Q62GV4-F1-model_v4
Finished processing: AF-Q62GV4-F1-model_v4 (Time: 323.75s)
Processing file: AF-B2FL26-F1-model_v4
Finished processing: AF-B2FL26-F1-model_v4 (Time: 286.35s)
Processing file: AF-A9NBL7-F1-model_v4
Finished processing: AF-A9NBL7-F1-model_v4 (Time: 295.90s)
Processing file: AF-Q3IQT4-F1-model_v4
Finished processing: AF-Q3IQT4-F1-model_v4 (Time: 294.42s)
Processing file: AF-C5D5E6-F1-model_v4
Finished processing: AF-C5D5E6-F1-model_v4 (Time: 319.41s)
Processing file: AF-B3E851-F1-model_v4
Finished processing: AF-B3E851-F1-model_v4 (Time: 304.02s)
Processing file: AF-Q28350-F1-model_v4
Finished processing: AF-Q28350-F1-model_v4 (Time: 342.13s)
Processing file: AF-Q8MJ47-F1-model_v4
Finished processing: AF-Q8MJ47-F1-model_v4 (Time: 331.75s)
Processing file: AF-Q2FHK0-F1-model_v4
Finished processing: AF-Q2FHK0-F1-model_v4 (Time: 285.60s)
Processing file: AF-C1DEH4-F1-model_v4
Finished processing: AF-C1DEH4-F1-model_v4 (Time: 319.44s)
Processing file: AF-A4YD78-F1-model_v4
Finished processing: AF-A4YD78-F1-model_v4 (Time: 280.98s)
Processing file: AF-B7JK37-F1-model_v4
Finished processing: AF-B7JK37-F1-model_v4 (Time: 302.93s)
Processing file: AF-P07463-F1-model_v4
Finished processing: AF-P07463-F1-model_v4 (Time: 280.61s)
Processing file: AF-P26911-F1-model_v4
Finished processing: AF-P26911-F1-model_v4 (Time: 318.37s)
Processing file: AF-Q5PL17-F1-model_v4
Finished processing: AF-Q5PL17-F1-model_v4 (Time: 324.83s)
Processing file: AF-Q8TRU3-F1-model_v4
Finished processing: AF-Q8TRU3-F1-model_v4 (Time: 285.59s)
Processing file: AF-Q9I9E1-F1-model_v4
Finished processing: AF-Q9I9E1-F1-model_v4 (Time: 351.13s)
Processing file: AF-P0DQG8-F1-model_v4
Finished processing: AF-P0DQG8-F1-model_v4 (Time: 297.30s)
Processing file: AF-P0DC59-F1-model_v4
Finished processing: AF-P0DC59-F1-model_v4 (Time: 354.11s)
Processing file: AF-Q9CPD6-F1-model_v4
Finished processing: AF-Q9CPD6-F1-model_v4 (Time: 299.59s)
Processing file: AF-Q16566-F1-model_v4
Finished processing: AF-Q16566-F1-model_v4 (Time: 338.23s)
Processing file: AF-O52720-F1-model_v4
Finished processing: AF-O52720-F1-model_v4 (Time: 345.21s)
Processing file: AF-A1V6B9-F1-model_v4
Finished processing: AF-A1V6B9-F1-model_v4 (Time: 356.03s)
Processing file: AF-Q9QXL7-F1-model_v4
Finished processing: AF-Q9QXL7-F1-model_v4 (Time: 323.96s)
Processing file: AF-Q8YI64-F1-model_v4
Finished processing: AF-Q8YI64-F1-model_v4 (Time: 310.39s)
Processing file: AF-Q7YR42-F1-model_v4
Finished processing: AF-Q7YR42-F1-model_v4 (Time: 299.75s)
Processing file: AF-B2G8V9-F1-model_v4
Finished processing: AF-B2G8V9-F1-model_v4 (Time: 287.94s)
Processing file: AF-Q28VR9-F1-model_v4
Finished processing: AF-Q28VR9-F1-model_v4 (Time: 292.99s)
Processing file: AF-Q8IXM3-F1-model_v4
Finished processing: AF-Q8IXM3-F1-model_v4 (Time: 292.72s)
Processing file: AF-P0AEY0-F1-model_v4
Finished processing: AF-P0AEY0-F1-model_v4 (Time: 329.09s)
Processing file: AF-Q9PEV5-F1-model_v4
Finished processing: AF-Q9PEV5-F1-model_v4 (Time: 289.65s)
Processing file: AF-O31560-F1-model_v4
Finished processing: AF-O31560-F1-model_v4 (Time: 300.59s)
Processing file: AF-Q7MTG9-F1-model_v4
Finished processing: AF-Q7MTG9-F1-model_v4 (Time: 336.48s)
Processing file: AF-Q9NPE3-F1-model_v4
Finished processing: AF-Q9NPE3-F1-model_v4 (Time: 290.92s)
Processing file: AF-B5FXT6-F1-model_v4
Finished processing: AF-B5FXT6-F1-model_v4 (Time: 322.78s)
Processing file: AF-A6TGP7-F1-model_v4
Finished processing: AF-A6TGP7-F1-model_v4 (Time: 319.34s)
Processing file: AF-B1I1S7-F1-model_v4
Finished processing: AF-B1I1S7-F1-model_v4 (Time: 317.13s)
Processing file: AF-Q3IJ21-F1-model_v4
Finished processing: AF-Q3IJ21-F1-model_v4 (Time: 340.06s)
Processing file: AF-P47759-F1-model_v4
Finished processing: AF-P47759-F1-model_v4 (Time: 306.45s)
Processing file: AF-Q9PPQ4-F1-model_v4
Finished processing: AF-Q9PPQ4-F1-model_v4 (Time: 313.64s)
Processing file: AF-Q12EE8-F1-model_v4
Finished processing: AF-Q12EE8-F1-model_v4 (Time: 305.86s)
Processing file: AF-P25584-F1-model_v4
Finished processing: AF-P25584-F1-model_v4 (Time: 296.73s)
Processing file: AF-Q2J8K9-F1-model_v4
Finished processing: AF-Q2J8K9-F1-model_v4 (Time: 323.85s)
Processing file: AF-Q31LL0-F1-model_v4
Finished processing: AF-Q31LL0-F1-model_v4 (Time: 340.64s)
Processing file: AF-O57779-F1-model_v4
Finished processing: AF-O57779-F1-model_v4 (Time: 307.75s)
Processing file: AF-Q73IE4-F1-model_v4
Finished processing: AF-Q73IE4-F1-model_v4 (Time: 354.25s)
Processing file: AF-A3NE88-F1-model_v4
Finished processing: AF-A3NE88-F1-model_v4 (Time: 280.19s)
Processing file: AF-Q6DAS2-F1-model_v4
Finished processing: AF-Q6DAS2-F1-model_v4 (Time: 351.85s)
Processing file: AF-Q8ZCM2-F1-model_v4
Finished processing: AF-Q8ZCM2-F1-model_v4 (Time: 332.48s)
Processing file: AF-Q2TBR8-F1-model_v4
Finished processing: AF-Q2TBR8-F1-model_v4 (Time: 324.47s)
Processing file: AF-Q9YAN6-F1-model_v4
Finished processing: AF-Q9YAN6-F1-model_v4 (Time: 313.17s)
Processing file: AF-Q6IN38-F1-model_v4
Finished processing: AF-Q6IN38-F1-model_v4 (Time: 312.74s)
Processing file: AF-A4YVI0-F1-model_v4
Finished processing: AF-A4YVI0-F1-model_v4 (Time: 351.78s)
Processing file: AF-Q57TB5-F1-model_v4
Finished processing: AF-Q57TB5-F1-model_v4 (Time: 331.57s)
Processing file: AF-Q3JLL8-F1-model_v4
Finished processing: AF-Q3JLL8-F1-model_v4 (Time: 342.41s)
Processing file: AF-B6DZC8-F1-model_v4
Finished processing: AF-B6DZC8-F1-model_v4 (Time: 341.38s)
Processing file: AF-Q9X6P2-F1-model_v4
Finished processing: AF-Q9X6P2-F1-model_v4 (Time: 338.97s)
Processing file: AF-Q65FL6-F1-model_v4
Finished processing: AF-Q65FL6-F1-model_v4 (Time: 342.17s)
Processing file: AF-Q6NMB7-F1-model_v4
Finished processing: AF-Q6NMB7-F1-model_v4 (Time: 319.60s)
Processing file: AF-Q9PS06-F1-model_v4
Finished processing: AF-Q9PS06-F1-model_v4 (Time: 285.48s)
Processing file: AF-Q887D0-F1-model_v4
Finished processing: AF-Q887D0-F1-model_v4 (Time: 347.49s)
Processing file: AF-A4YIU6-F1-model_v4
Finished processing: AF-A4YIU6-F1-model_v4 (Time: 295.16s)
Processing file: AF-C0R4X5-F1-model_v4
Finished processing: AF-C0R4X5-F1-model_v4 (Time: 328.09s)
Processing file: AF-A7X1L8-F1-model_v4
Finished processing: AF-A7X1L8-F1-model_v4 (Time: 341.20s)
Processing file: AF-Q14BI2-F1-model_v4
Finished processing: AF-Q14BI2-F1-model_v4 (Time: 369.60s)
Processing file: AF-Q91048-F1-model_v4
Finished processing: AF-Q91048-F1-model_v4 (Time: 380.20s)
Processing file: AF-Q46E38-F1-model_v4
Finished processing: AF-Q46E38-F1-model_v4 (Time: 323.99s)
Processing file: AF-Q9FPR3-F1-model_v4
Finished processing: AF-Q9FPR3-F1-model_v4 (Time: 380.08s)
Processing file: AF-A0A0H3LX82-F1-model_v4
Finished processing: AF-A0A0H3LX82-F1-model_v4 (Time: 339.27s)
Processing file: AF-A3N371-F1-model_v4
Finished processing: AF-A3N371-F1-model_v4 (Time: 300.00s)
Processing file: AF-Q63EM2-F1-model_v4
Finished processing: AF-Q63EM2-F1-model_v4 (Time: 397.97s)
Processing file: AF-Q31KG6-F1-model_v4
Finished processing: AF-Q31KG6-F1-model_v4 (Time: 343.41s)
Processing file: AF-A8GGW2-F1-model_v4
Finished processing: AF-A8GGW2-F1-model_v4 (Time: 288.81s)
Processing file: AF-B5EWS0-F1-model_v4
Finished processing: AF-B5EWS0-F1-model_v4 (Time: 294.50s)
Processing file: AF-B6YQE9-F1-model_v4
Finished processing: AF-B6YQE9-F1-model_v4 (Time: 313.33s)
Processing file: AF-C4ZAX1-F1-model_v4
Finished processing: AF-C4ZAX1-F1-model_v4 (Time: 330.76s)
Processing file: AF-Q63PT2-F1-model_v4
Finished processing: AF-Q63PT2-F1-model_v4 (Time: 323.42s)
Processing file: AF-B0Z548-F1-model_v4
Finished processing: AF-B0Z548-F1-model_v4 (Time: 295.27s)
Processing file: AF-B0S733-F1-model_v4
Finished processing: AF-B0S733-F1-model_v4 (Time: 337.81s)
Processing file: AF-Q3V545-F1-model_v4
Finished processing: AF-Q3V545-F1-model_v4 (Time: 314.71s)
Processing file: AF-A7ZGE5-F1-model_v4
Finished processing: AF-A7ZGE5-F1-model_v4 (Time: 312.32s)
Processing file: AF-P61163-F1-model_v4
Finished processing: AF-P61163-F1-model_v4 (Time: 328.85s)
Processing file: AF-P9WFC3-F1-model_v4
Finished processing: AF-P9WFC3-F1-model_v4 (Time: 300.27s)
Processing file: AF-P79953-F1-model_v4
Finished processing: AF-P79953-F1-model_v4 (Time: 383.89s)
Processing file: AF-P68175-F1-model_v4
Finished processing: AF-P68175-F1-model_v4 (Time: 313.15s)
Processing file: AF-A3CTJ9-F1-model_v4
Finished processing: AF-A3CTJ9-F1-model_v4 (Time: 351.39s)
Processing file: AF-B0JSD9-F1-model_v4
Finished processing: AF-B0JSD9-F1-model_v4 (Time: 303.11s)
Processing file: AF-Q8ZG78-F1-model_v4
Finished processing: AF-Q8ZG78-F1-model_v4 (Time: 285.50s)
Processing file: AF-B4T5I5-F1-model_v4
Finished processing: AF-B4T5I5-F1-model_v4 (Time: 318.01s)
Processing file: AF-P64218-F1-model_v4
Finished processing: AF-P64218-F1-model_v4 (Time: 328.40s)
Processing file: AF-Q678S2-F1-model_v4
Finished processing: AF-Q678S2-F1-model_v4 (Time: 324.15s)
Processing file: AF-E2R0A5-F1-model_v4
Finished processing: AF-E2R0A5-F1-model_v4 (Time: 280.79s)
Processing file: AF-A6X0B7-F1-model_v4
Finished processing: AF-A6X0B7-F1-model_v4 (Time: 288.11s)
Processing file: AF-O27906-F1-model_v4
Finished processing: AF-O27906-F1-model_v4 (Time: 288.64s)
Processing file: AF-P10481-F1-model_v4
Finished processing: AF-P10481-F1-model_v4 (Time: 335.01s)
Processing file: AF-Q8ZYK5-F1-model_v4
Finished processing: AF-Q8ZYK5-F1-model_v4 (Time: 311.11s)
Processing file: AF-Q9KDA3-F1-model_v4
Finished processing: AF-Q9KDA3-F1-model_v4 (Time: 303.76s)
Processing file: AF-A8G9S7-F1-model_v4
Finished processing: AF-A8G9S7-F1-model_v4 (Time: 326.72s)
Processing file: AF-P27361-F1-model_v4
Finished processing: AF-P27361-F1-model_v4 (Time: 321.44s)
Processing file: AF-A4XWM0-F1-model_v4
Finished processing: AF-A4XWM0-F1-model_v4 (Time: 352.27s)
Processing file: AF-P59031-F1-model_v4
Finished processing: AF-P59031-F1-model_v4 (Time: 286.15s)
Processing file: AF-P9WNP3-F1-model_v4
Finished processing: AF-P9WNP3-F1-model_v4 (Time: 292.24s)
Processing file: AF-A9MZW8-F1-model_v4
Finished processing: AF-A9MZW8-F1-model_v4 (Time: 290.40s)
Processing file: AF-Q73YX3-F1-model_v4
Finished processing: AF-Q73YX3-F1-model_v4 (Time: 283.78s)
Processing file: AF-Q8YM38-F1-model_v4
Finished processing: AF-Q8YM38-F1-model_v4 (Time: 324.62s)
Processing file: AF-Q4L7K3-F1-model_v4
Finished processing: AF-Q4L7K3-F1-model_v4 (Time: 317.14s)
Processing file: AF-Q9BGI2-F1-model_v4
Finished processing: AF-Q9BGI2-F1-model_v4 (Time: 313.53s)
Processing file: AF-Q8PCQ9-F1-model_v4
Finished processing: AF-Q8PCQ9-F1-model_v4 (Time: 320.89s)
Processing file: AF-B0BC03-F1-model_v4
Finished processing: AF-B0BC03-F1-model_v4 (Time: 326.27s)
Processing file: AF-P59715-F1-model_v4
Finished processing: AF-P59715-F1-model_v4 (Time: 341.77s)
Processing file: AF-A7ZHS5-F1-model_v4
Finished processing: AF-A7ZHS5-F1-model_v4 (Time: 323.86s)
Processing file: AF-Q02P72-F1-model_v4
Finished processing: AF-Q02P72-F1-model_v4 (Time: 301.78s)
Processing file: AF-Q8NSH9-F1-model_v4
Finished processing: AF-Q8NSH9-F1-model_v4 (Time: 331.80s)
Processing file: AF-Q57EY0-F1-model_v4
Finished processing: AF-Q57EY0-F1-model_v4 (Time: 313.69s)
Processing file: AF-P12530-F1-model_v4
Finished processing: AF-P12530-F1-model_v4 (Time: 352.02s)
Processing file: AF-A8MIF4-F1-model_v4
Finished processing: AF-A8MIF4-F1-model_v4 (Time: 334.82s)
Processing file: AF-A8H728-F1-model_v4
Finished processing: AF-A8H728-F1-model_v4 (Time: 324.14s)
Processing file: AF-P60972-F1-model_v4
Finished processing: AF-P60972-F1-model_v4 (Time: 335.69s)
Processing file: AF-Q7A5S4-F1-model_v4
Finished processing: AF-Q7A5S4-F1-model_v4 (Time: 293.73s)
Processing file: AF-Q211G0-F1-model_v4
Finished processing: AF-Q211G0-F1-model_v4 (Time: 302.10s)
Processing file: AF-B9SZB6-F1-model_v4
Finished processing: AF-B9SZB6-F1-model_v4 (Time: 334.06s)
Processing file: AF-A8FFR2-F1-model_v4
Finished processing: AF-A8FFR2-F1-model_v4 (Time: 326.60s)
Processing file: AF-P78811-F1-model_v4
Finished processing: AF-P78811-F1-model_v4 (Time: 328.13s)
Processing file: AF-P29590-F1-model_v4
Finished processing: AF-P29590-F1-model_v4 (Time: 353.84s)
Processing file: AF-P72637-F1-model_v4
Finished processing: AF-P72637-F1-model_v4 (Time: 379.73s)
Processing file: AF-Q5QD06-F1-model_v4
Finished processing: AF-Q5QD06-F1-model_v4 (Time: 323.28s)
Processing file: AF-Q6X9E4-F1-model_v4
Finished processing: AF-Q6X9E4-F1-model_v4 (Time: 339.39s)
Processing file: AF-A7MPP3-F1-model_v4
Finished processing: AF-A7MPP3-F1-model_v4 (Time: 302.30s)
Processing file: AF-Q7VQV1-F1-model_v4
Finished processing: AF-Q7VQV1-F1-model_v4 (Time: 292.33s)
Processing file: AF-Q8DLI2-F1-model_v4
Finished processing: AF-Q8DLI2-F1-model_v4 (Time: 312.46s)
Processing file: AF-A6VW20-F1-model_v4
Finished processing: AF-A6VW20-F1-model_v4 (Time: 314.44s)
Processing file: AF-Q71WG4-F1-model_v4
Finished processing: AF-Q71WG4-F1-model_v4 (Time: 280.98s)
Processing file: AF-Q5P4Q4-F1-model_v4
Finished processing: AF-Q5P4Q4-F1-model_v4 (Time: 326.66s)
Processing file: AF-P59969-F1-model_v4
Finished processing: AF-P59969-F1-model_v4 (Time: 380.66s)
Processing file: AF-B7JYL4-F1-model_v4
Finished processing: AF-B7JYL4-F1-model_v4 (Time: 309.40s)
Processing file: AF-P41693-F1-model_v4
Finished processing: AF-P41693-F1-model_v4 (Time: 291.18s)
Processing file: AF-O87952-F1-model_v4
Finished processing: AF-O87952-F1-model_v4 (Time: 319.10s)
Processing file: AF-A9MZE7-F1-model_v4
Finished processing: AF-A9MZE7-F1-model_v4 (Time: 326.17s)
Processing file: AF-Q5HEN5-F1-model_v4
Finished processing: AF-Q5HEN5-F1-model_v4 (Time: 326.00s)
Processing file: AF-Q58859-F1-model_v4
Finished processing: AF-Q58859-F1-model_v4 (Time: 322.88s)
Processing file: AF-Q0S1F6-F1-model_v4
Finished processing: AF-Q0S1F6-F1-model_v4 (Time: 331.20s)
Processing file: AF-Q8GYA6-F1-model_v4
Finished processing: AF-Q8GYA6-F1-model_v4 (Time: 312.40s)
Processing file: AF-B4XT01-F1-model_v4
Finished processing: AF-B4XT01-F1-model_v4 (Time: 302.61s)
Processing file: AF-Q9ZLW1-F1-model_v4
Finished processing: AF-Q9ZLW1-F1-model_v4 (Time: 330.38s)
Processing file: AF-P96711-F1-model_v4
Finished processing: AF-P96711-F1-model_v4 (Time: 317.55s)
Processing file: AF-Q57DM2-F1-model_v4
Finished processing: AF-Q57DM2-F1-model_v4 (Time: 335.21s)
Processing file: AF-Q24UT5-F1-model_v4
Finished processing: AF-Q24UT5-F1-model_v4 (Time: 293.33s)
Processing file: AF-B8DN94-F1-model_v4
Finished processing: AF-B8DN94-F1-model_v4 (Time: 355.97s)
Processing file: AF-Q5A319-F1-model_v4
Finished processing: AF-Q5A319-F1-model_v4 (Time: 349.69s)
Processing file: AF-P47258-F1-model_v4
Finished processing: AF-P47258-F1-model_v4 (Time: 321.99s)
Processing file: AF-A2SLD6-F1-model_v4
Finished processing: AF-A2SLD6-F1-model_v4 (Time: 291.06s)
Processing file: AF-Q17771-F1-model_v4
Finished processing: AF-Q17771-F1-model_v4 (Time: 343.16s)
Processing file: AF-Q49KZ5-F1-model_v4
Finished processing: AF-Q49KZ5-F1-model_v4 (Time: 298.12s)
Processing file: AF-Q9VLS9-F1-model_v4
Finished processing: AF-Q9VLS9-F1-model_v4 (Time: 324.02s)
Processing file: AF-Q8D6H9-F1-model_v4
Finished processing: AF-Q8D6H9-F1-model_v4 (Time: 326.84s)
Processing file: AF-P48937-F1-model_v4
Finished processing: AF-P48937-F1-model_v4 (Time: 347.28s)
Processing file: AF-Q6E3F3-F1-model_v4
Finished processing: AF-Q6E3F3-F1-model_v4 (Time: 348.06s)
Processing file: AF-Q910A0-F1-model_v4
Finished processing: AF-Q910A0-F1-model_v4 (Time: 301.97s)
Processing file: AF-P44059-F1-model_v4
Finished processing: AF-P44059-F1-model_v4 (Time: 275.85s)
Processing file: AF-B8DPP9-F1-model_v4
Finished processing: AF-B8DPP9-F1-model_v4 (Time: 335.95s)
Processing file: AF-Q2NIS7-F1-model_v4
Finished processing: AF-Q2NIS7-F1-model_v4 (Time: 322.08s)
Processing file: AF-Q8HY24-F1-model_v4
Finished processing: AF-Q8HY24-F1-model_v4 (Time: 362.07s)
Processing file: AF-Q9PN98-F1-model_v4
Finished processing: AF-Q9PN98-F1-model_v4 (Time: 331.75s)
Processing file: AF-O14111-F1-model_v4
Finished processing: AF-O14111-F1-model_v4 (Time: 380.10s)
Processing file: AF-Q3JN03-F1-model_v4
Finished processing: AF-Q3JN03-F1-model_v4 (Time: 295.24s)
Processing file: AF-Q866E8-F1-model_v4
Finished processing: AF-Q866E8-F1-model_v4 (Time: 316.63s)
Processing file: AF-C6DIR5-F1-model_v4
Finished processing: AF-C6DIR5-F1-model_v4 (Time: 318.49s)
Processing file: AF-B1IUL5-F1-model_v4
Finished processing: AF-B1IUL5-F1-model_v4 (Time: 361.19s)
Processing file: AF-Q2LTE0-F1-model_v4
Finished processing: AF-Q2LTE0-F1-model_v4 (Time: 355.41s)
Processing file: AF-Q5I0L3-F1-model_v4
Finished processing: AF-Q5I0L3-F1-model_v4 (Time: 334.30s)
Processing file: AF-A7NBM9-F1-model_v4
Finished processing: AF-A7NBM9-F1-model_v4 (Time: 300.09s)
Processing file: AF-Q8EUK4-F1-model_v4
Finished processing: AF-Q8EUK4-F1-model_v4 (Time: 279.20s)
Processing file: AF-Q9VAC8-F1-model_v4
Finished processing: AF-Q9VAC8-F1-model_v4 (Time: 309.73s)
Processing file: AF-A8FLB9-F1-model_v4
Finished processing: AF-A8FLB9-F1-model_v4 (Time: 327.39s)
Processing file: AF-Q18GG9-F1-model_v4
Finished processing: AF-Q18GG9-F1-model_v4 (Time: 308.75s)
Processing file: AF-Q25060-F1-model_v4
Finished processing: AF-Q25060-F1-model_v4 (Time: 316.75s)
Processing file: AF-B6YWC1-F1-model_v4
Finished processing: AF-B6YWC1-F1-model_v4 (Time: 325.46s)
Processing file: AF-P0C8V1-F1-model_v4
Finished processing: AF-P0C8V1-F1-model_v4 (Time: 281.82s)
Processing file: AF-Q06650-F1-model_v4
Finished processing: AF-Q06650-F1-model_v4 (Time: 328.94s)
Processing file: AF-A0QVB9-F1-model_v4
Finished processing: AF-A0QVB9-F1-model_v4 (Time: 318.46s)
Processing file: AF-Q1JE56-F1-model_v4
Finished processing: AF-Q1JE56-F1-model_v4 (Time: 297.54s)
Processing file: AF-P42475-F1-model_v4
Finished processing: AF-P42475-F1-model_v4 (Time: 345.00s)
Processing file: AF-Q49VB1-F1-model_v4
Finished processing: AF-Q49VB1-F1-model_v4 (Time: 309.54s)
Processing file: AF-A0A0B4J262-F1-model_v4
Finished processing: AF-A0A0B4J262-F1-model_v4 (Time: 295.07s)
Processing file: AF-C1A3S5-F1-model_v4
Finished processing: AF-C1A3S5-F1-model_v4 (Time: 340.12s)
Processing file: AF-Q1C2U9-F1-model_v4
Finished processing: AF-Q1C2U9-F1-model_v4 (Time: 300.49s)
Processing file: AF-A9NBA5-F1-model_v4
Finished processing: AF-A9NBA5-F1-model_v4 (Time: 355.58s)
Processing file: AF-Q8ZKP9-F1-model_v4
Finished processing: AF-Q8ZKP9-F1-model_v4 (Time: 300.31s)
Processing file: AF-B0DC53-F1-model_v4
Finished processing: AF-B0DC53-F1-model_v4 (Time: 384.26s)
Processing file: AF-P18741-F1-model_v4
Finished processing: AF-P18741-F1-model_v4 (Time: 284.96s)
Processing file: AF-Q7CMT4-F1-model_v4
Finished processing: AF-Q7CMT4-F1-model_v4 (Time: 286.85s)
Processing file: AF-Q5P5G6-F1-model_v4
Finished processing: AF-Q5P5G6-F1-model_v4 (Time: 328.47s)
Processing file: AF-C5A2F7-F1-model_v4
Finished processing: AF-C5A2F7-F1-model_v4 (Time: 308.88s)
Processing file: AF-A6L7J7-F1-model_v4
Finished processing: AF-A6L7J7-F1-model_v4 (Time: 378.50s)
Processing file: AF-Q3YY21-F1-model_v4
Finished processing: AF-Q3YY21-F1-model_v4 (Time: 361.46s)
Processing file: AF-A4HW65-F1-model_v4
Finished processing: AF-A4HW65-F1-model_v4 (Time: 352.40s)
Processing file: AF-Q47WV0-F1-model_v4
Finished processing: AF-Q47WV0-F1-model_v4 (Time: 314.04s)
Processing file: AF-Q0BN65-F1-model_v4
Finished processing: AF-Q0BN65-F1-model_v4 (Time: 327.31s)
Processing file: AF-Q9FI53-F1-model_v4
Finished processing: AF-Q9FI53-F1-model_v4 (Time: 344.02s)
Processing file: AF-A2BYZ1-F1-model_v4
Finished processing: AF-A2BYZ1-F1-model_v4 (Time: 292.48s)
Processing file: AF-Q9Y4C1-F1-model_v4
Finished processing: AF-Q9Y4C1-F1-model_v4 (Time: 424.01s)
Processing file: AF-B8GQD7-F1-model_v4
Finished processing: AF-B8GQD7-F1-model_v4 (Time: 304.84s)
Processing file: AF-Q2YYB8-F1-model_v4
Finished processing: AF-Q2YYB8-F1-model_v4 (Time: 320.73s)
Processing file: AF-A4SJP9-F1-model_v4
Finished processing: AF-A4SJP9-F1-model_v4 (Time: 352.49s)
Processing file: AF-O18806-F1-model_v4
Finished processing: AF-O18806-F1-model_v4 (Time: 532.44s)
Processing file: AF-A4WE75-F1-model_v4
Finished processing: AF-A4WE75-F1-model_v4 (Time: 316.73s)
Processing file: AF-A4D161-F1-model_v4
Finished processing: AF-A4D161-F1-model_v4 (Time: 300.62s)
Processing file: AF-P63199-F1-model_v4
Finished processing: AF-P63199-F1-model_v4 (Time: 304.19s)
Processing file: AF-B4EUS1-F1-model_v4
Finished processing: AF-B4EUS1-F1-model_v4 (Time: 309.85s)
Processing file: AF-A0KEC3-F1-model_v4
Finished processing: AF-A0KEC3-F1-model_v4 (Time: 328.60s)
Processing file: AF-Q9LPQ8-F1-model_v4
Finished processing: AF-Q9LPQ8-F1-model_v4 (Time: 356.61s)
Processing file: AF-Q9C004-F1-model_v4
Finished processing: AF-Q9C004-F1-model_v4 (Time: 326.04s)
Processing file: AF-A0QR33-F1-model_v4
Finished processing: AF-A0QR33-F1-model_v4 (Time: 326.72s)
Processing file: AF-Q9PQI1-F1-model_v4
Finished processing: AF-Q9PQI1-F1-model_v4 (Time: 290.51s)
Processing file: AF-O42847-F1-model_v4
Finished processing: AF-O42847-F1-model_v4 (Time: 303.85s)
Processing file: AF-A8A5N2-F1-model_v4
Finished processing: AF-A8A5N2-F1-model_v4 (Time: 314.07s)
Processing file: AF-Q9NJC5-F1-model_v4
Finished processing: AF-Q9NJC5-F1-model_v4 (Time: 285.19s)
Processing file: AF-P45831-F1-model_v4
Finished processing: AF-P45831-F1-model_v4 (Time: 312.48s)
Processing file: AF-Q5SLV5-F1-model_v4
Finished processing: AF-Q5SLV5-F1-model_v4 (Time: 299.22s)
Processing file: AF-B8ZLK0-F1-model_v4
Finished processing: AF-B8ZLK0-F1-model_v4 (Time: 334.86s)
Processing file: AF-B5QZQ4-F1-model_v4
Finished processing: AF-B5QZQ4-F1-model_v4 (Time: 341.83s)
Processing file: AF-B9KNI7-F1-model_v4
Finished processing: AF-B9KNI7-F1-model_v4 (Time: 296.49s)
Processing file: AF-Q7TQ07-F1-model_v4
Finished processing: AF-Q7TQ07-F1-model_v4 (Time: 368.05s)
Processing file: AF-H6TB12-F1-model_v4
Finished processing: AF-H6TB12-F1-model_v4 (Time: 444.41s)
Processing file: AF-Q56002-F1-model_v4
Finished processing: AF-Q56002-F1-model_v4 (Time: 308.89s)
Processing file: AF-P47945-F1-model_v4
Finished processing: AF-P47945-F1-model_v4 (Time: 272.76s)
Processing file: AF-Q8ZUG2-F1-model_v4
Finished processing: AF-Q8ZUG2-F1-model_v4 (Time: 330.54s)
Processing file: AF-B2SD81-F1-model_v4
Finished processing: AF-B2SD81-F1-model_v4 (Time: 349.31s)
Processing file: AF-Q2FG95-F1-model_v4
Finished processing: AF-Q2FG95-F1-model_v4 (Time: 319.09s)
Processing file: AF-Q8Z316-F1-model_v4
Finished processing: AF-Q8Z316-F1-model_v4 (Time: 321.73s)
Processing file: AF-Q2JXF6-F1-model_v4
Finished processing: AF-Q2JXF6-F1-model_v4 (Time: 390.17s)
Processing file: AF-Q6YR57-F1-model_v4
Finished processing: AF-Q6YR57-F1-model_v4 (Time: 329.99s)
Processing file: AF-B5YBN8-F1-model_v4
Finished processing: AF-B5YBN8-F1-model_v4 (Time: 302.00s)
Processing file: AF-P62346-F1-model_v4
Finished processing: AF-P62346-F1-model_v4 (Time: 286.38s)
Processing file: AF-Q9FJD0-F1-model_v4
Finished processing: AF-Q9FJD0-F1-model_v4 (Time: 348.18s)
Processing file: AF-Q0HM62-F1-model_v4
Finished processing: AF-Q0HM62-F1-model_v4 (Time: 324.86s)
Processing file: AF-Q838U8-F1-model_v4
Finished processing: AF-Q838U8-F1-model_v4 (Time: 344.04s)
Processing file: AF-Q72I28-F1-model_v4
Finished processing: AF-Q72I28-F1-model_v4 (Time: 277.03s)
Processing file: AF-P45907-F1-model_v4
Finished processing: AF-P45907-F1-model_v4 (Time: 326.81s)
Processing file: AF-P01478-F1-model_v4
Finished processing: AF-P01478-F1-model_v4 (Time: 284.75s)
Processing file: AF-Q7MLV0-F1-model_v4
Finished processing: AF-Q7MLV0-F1-model_v4 (Time: 319.10s)
Processing file: AF-A5GW11-F1-model_v4
Finished processing: AF-A5GW11-F1-model_v4 (Time: 303.17s)
Processing file: AF-A4TPV4-F1-model_v4
Finished processing: AF-A4TPV4-F1-model_v4 (Time: 334.07s)
Processing file: AF-A6UE43-F1-model_v4
Finished processing: AF-A6UE43-F1-model_v4 (Time: 296.63s)
Processing file: AF-A7ZHC6-F1-model_v4
Finished processing: AF-A7ZHC6-F1-model_v4 (Time: 299.22s)
Processing file: AF-Q7MIR0-F1-model_v4
Finished processing: AF-Q7MIR0-F1-model_v4 (Time: 318.71s)
Processing file: AF-A5N8I5-F1-model_v4
Finished processing: AF-A5N8I5-F1-model_v4 (Time: 379.25s)
Processing file: AF-C3K3H1-F1-model_v4
Finished processing: AF-C3K3H1-F1-model_v4 (Time: 324.82s)
Processing file: AF-Q1Q8P2-F1-model_v4
Finished processing: AF-Q1Q8P2-F1-model_v4 (Time: 334.64s)
Processing file: AF-Q9HNM7-F1-model_v4
Finished processing: AF-Q9HNM7-F1-model_v4 (Time: 323.96s)
Processing file: AF-Q7A0P4-F1-model_v4
Finished processing: AF-Q7A0P4-F1-model_v4 (Time: 371.27s)
Processing file: AF-A9KET4-F1-model_v4
Finished processing: AF-A9KET4-F1-model_v4 (Time: 326.49s)
Processing file: AF-Q9GRJ3-F1-model_v4
Finished processing: AF-Q9GRJ3-F1-model_v4 (Time: 301.91s)
Processing file: AF-A7H575-F1-model_v4
Finished processing: AF-A7H575-F1-model_v4 (Time: 334.34s)
Processing file: AF-Q96WT3-F1-model_v4
Finished processing: AF-Q96WT3-F1-model_v4 (Time: 342.96s)
Processing file: AF-Q14C37-F1-model_v4
Finished processing: AF-Q14C37-F1-model_v4 (Time: 299.46s)
Processing file: AF-O21513-F1-model_v4
Finished processing: AF-O21513-F1-model_v4 (Time: 288.43s)
Processing file: AF-B7NI05-F1-model_v4
Finished processing: AF-B7NI05-F1-model_v4 (Time: 329.88s)
Processing file: AF-Q8SUU2-F1-model_v4
Finished processing: AF-Q8SUU2-F1-model_v4 (Time: 304.73s)
Processing file: AF-P0A1V6-F1-model_v4
Finished processing: AF-P0A1V6-F1-model_v4 (Time: 346.45s)
Processing file: AF-B8GAC1-F1-model_v4
Finished processing: AF-B8GAC1-F1-model_v4 (Time: 353.08s)
Processing file: AF-A4GYP9-F1-model_v4
Finished processing: AF-A4GYP9-F1-model_v4 (Time: 343.18s)
Processing file: AF-Q1RH63-F1-model_v4
Finished processing: AF-Q1RH63-F1-model_v4 (Time: 290.71s)
Processing file: AF-P74523-F1-model_v4
Finished processing: AF-P74523-F1-model_v4 (Time: 306.42s)
Processing file: AF-Q7TTZ5-F1-model_v4
Finished processing: AF-Q7TTZ5-F1-model_v4 (Time: 352.14s)
Processing file: AF-Q2G8X8-F1-model_v4
Finished processing: AF-Q2G8X8-F1-model_v4 (Time: 290.19s)
Processing file: AF-Q38UR5-F1-model_v4
Finished processing: AF-Q38UR5-F1-model_v4 (Time: 318.31s)
Processing file: AF-B9MDJ2-F1-model_v4
Finished processing: AF-B9MDJ2-F1-model_v4 (Time: 291.13s)
Processing file: AF-Q0SP65-F1-model_v4
Finished processing: AF-Q0SP65-F1-model_v4 (Time: 319.90s)
Processing file: AF-Q326L6-F1-model_v4
Finished processing: AF-Q326L6-F1-model_v4 (Time: 308.39s)
Processing file: AF-Q5QZ53-F1-model_v4
Finished processing: AF-Q5QZ53-F1-model_v4 (Time: 315.82s)
Processing file: AF-B0JTF9-F1-model_v4
Finished processing: AF-B0JTF9-F1-model_v4 (Time: 321.31s)
Processing file: AF-C5CHD5-F1-model_v4
Finished processing: AF-C5CHD5-F1-model_v4 (Time: 330.57s)
Processing file: AF-P9WJ24-F1-model_v4
Finished processing: AF-P9WJ24-F1-model_v4 (Time: 293.34s)
Processing file: AF-Q54WR5-F1-model_v4
Finished processing: AF-Q54WR5-F1-model_v4 (Time: 322.12s)
Processing file: AF-Q9BJV7-F1-model_v4
Finished processing: AF-Q9BJV7-F1-model_v4 (Time: 276.02s)
Processing file: AF-Q2J0F2-F1-model_v4
Finished processing: AF-Q2J0F2-F1-model_v4 (Time: 298.24s)
Processing file: AF-B4HSS0-F1-model_v4
Finished processing: AF-B4HSS0-F1-model_v4 (Time: 275.84s)
Processing file: AF-B3DRD0-F1-model_v4
Finished processing: AF-B3DRD0-F1-model_v4 (Time: 362.42s)
Processing file: AF-C7T187-F1-model_v4
Finished processing: AF-C7T187-F1-model_v4 (Time: 272.31s)
Processing file: AF-Q31D56-F1-model_v4
Finished processing: AF-Q31D56-F1-model_v4 (Time: 290.73s)
Processing file: AF-Q8GLE5-F1-model_v4
Finished processing: AF-Q8GLE5-F1-model_v4 (Time: 302.18s)
Processing file: AF-Q9V9P3-F1-model_v4
Finished processing: AF-Q9V9P3-F1-model_v4 (Time: 308.82s)
Processing file: AF-Q08902-F1-model_v4
Finished processing: AF-Q08902-F1-model_v4 (Time: 362.17s)
Processing file: AF-Q552C1-F1-model_v4
Finished processing: AF-Q552C1-F1-model_v4 (Time: 450.57s)
Processing file: AF-P45649-F1-model_v4
Finished processing: AF-P45649-F1-model_v4 (Time: 287.77s)
Processing file: AF-P52486-F1-model_v4
Finished processing: AF-P52486-F1-model_v4 (Time: 312.08s)
Processing file: AF-Q6NTT6-F1-model_v4
Finished processing: AF-Q6NTT6-F1-model_v4 (Time: 319.28s)
Processing file: AF-Q975U9-F1-model_v4
Finished processing: AF-Q975U9-F1-model_v4 (Time: 331.66s)
Processing file: AF-D7PHZ0-F1-model_v4
Finished processing: AF-D7PHZ0-F1-model_v4 (Time: 325.49s)
Processing file: AF-B2RHL6-F1-model_v4
Finished processing: AF-B2RHL6-F1-model_v4 (Time: 304.16s)
Processing file: AF-Q9LFL3-F1-model_v4
Finished processing: AF-Q9LFL3-F1-model_v4 (Time: 328.36s)
Processing file: AF-P21749-F1-model_v4
Finished processing: AF-P21749-F1-model_v4 (Time: 308.81s)
Processing file: AF-Q61616-F1-model_v4
Finished processing: AF-Q61616-F1-model_v4 (Time: 334.80s)
Processing file: AF-A1KF14-F1-model_v4
Finished processing: AF-A1KF14-F1-model_v4 (Time: 402.63s)
Processing file: AF-A1SWU5-F1-model_v4
Finished processing: AF-A1SWU5-F1-model_v4 (Time: 351.56s)
Processing file: AF-P0C0N4-F1-model_v4
Finished processing: AF-P0C0N4-F1-model_v4 (Time: 309.43s)
Processing file: AF-Q93DY8-F1-model_v4
Finished processing: AF-Q93DY8-F1-model_v4 (Time: 302.43s)
Processing file: AF-B0RXD8-F1-model_v4
Finished processing: AF-B0RXD8-F1-model_v4 (Time: 306.66s)
Processing file: AF-Q3BYF4-F1-model_v4
Finished processing: AF-Q3BYF4-F1-model_v4 (Time: 322.59s)
Processing file: AF-A1ALV1-F1-model_v4
Finished processing: AF-A1ALV1-F1-model_v4 (Time: 285.53s)
Processing file: AF-B4TWV9-F1-model_v4
Finished processing: AF-B4TWV9-F1-model_v4 (Time: 327.73s)
Processing file: AF-Q9JKY0-F1-model_v4
Finished processing: AF-Q9JKY0-F1-model_v4 (Time: 324.21s)
Processing file: AF-P07197-F1-model_v4
Finished processing: AF-P07197-F1-model_v4 (Time: 326.68s)
Processing file: AF-Q83BM5-F1-model_v4
Finished processing: AF-Q83BM5-F1-model_v4 (Time: 304.54s)
Processing file: AF-Q8T390-F1-model_v4
Finished processing: AF-Q8T390-F1-model_v4 (Time: 332.17s)
Processing file: AF-A9L3W0-F1-model_v4
Finished processing: AF-A9L3W0-F1-model_v4 (Time: 320.62s)
Processing file: AF-O52384-F1-model_v4
Finished processing: AF-O52384-F1-model_v4 (Time: 306.80s)
Processing file: AF-A9C3N6-F1-model_v4
Finished processing: AF-A9C3N6-F1-model_v4 (Time: 311.14s)
Processing file: AF-Q06908-F1-model_v4
Finished processing: AF-Q06908-F1-model_v4 (Time: 344.77s)
Processing file: AF-Q1GUW4-F1-model_v4
Finished processing: AF-Q1GUW4-F1-model_v4 (Time: 288.45s)
Processing file: AF-A3DHN7-F1-model_v4
Finished processing: AF-A3DHN7-F1-model_v4 (Time: 298.83s)
Processing file: AF-B1IBD6-F1-model_v4
Finished processing: AF-B1IBD6-F1-model_v4 (Time: 300.78s)
Processing file: AF-Q8FUX2-F1-model_v4
Finished processing: AF-Q8FUX2-F1-model_v4 (Time: 343.99s)
Processing file: AF-B5XKR6-F1-model_v4
Finished processing: AF-B5XKR6-F1-model_v4 (Time: 283.16s)
Processing file: AF-Q0KBC7-F1-model_v4
Finished processing: AF-Q0KBC7-F1-model_v4 (Time: 323.09s)
Processing file: AF-B5E6U3-F1-model_v4
Finished processing: AF-B5E6U3-F1-model_v4 (Time: 296.47s)
Processing file: AF-P08190-F1-model_v4
Finished processing: AF-P08190-F1-model_v4 (Time: 298.15s)
Processing file: AF-P78605-F1-model_v4
Finished processing: AF-P78605-F1-model_v4 (Time: 323.74s)
Processing file: AF-B3CM71-F1-model_v4
Finished processing: AF-B3CM71-F1-model_v4 (Time: 323.45s)
Processing file: AF-Q59TN1-F1-model_v4
Finished processing: AF-Q59TN1-F1-model_v4 (Time: 340.11s)
Processing file: AF-Q9ZJU5-F1-model_v4
Finished processing: AF-Q9ZJU5-F1-model_v4 (Time: 355.69s)
Processing file: AF-Q8CKU7-F1-model_v4
Finished processing: AF-Q8CKU7-F1-model_v4 (Time: 332.55s)
Processing file: AF-P73796-F1-model_v4
Finished processing: AF-P73796-F1-model_v4 (Time: 289.95s)
Processing file: AF-P0ACD6-F1-model_v4
Finished processing: AF-P0ACD6-F1-model_v4 (Time: 301.34s)
Processing file: AF-B2TUS5-F1-model_v4
Finished processing: AF-B2TUS5-F1-model_v4 (Time: 284.08s)
Processing file: AF-Q87LL9-F1-model_v4
Finished processing: AF-Q87LL9-F1-model_v4 (Time: 316.67s)
Processing file: AF-A0RPR9-F1-model_v4
Finished processing: AF-A0RPR9-F1-model_v4 (Time: 290.42s)
Processing file: AF-Q3ATB2-F1-model_v4
Finished processing: AF-Q3ATB2-F1-model_v4 (Time: 355.92s)
Processing file: AF-B2JKH4-F1-model_v4
Finished processing: AF-B2JKH4-F1-model_v4 (Time: 326.14s)
Processing file: AF-Q45XI8-F1-model_v4
Finished processing: AF-Q45XI8-F1-model_v4 (Time: 299.13s)
Processing file: AF-Q8Z6G1-F1-model_v4
Finished processing: AF-Q8Z6G1-F1-model_v4 (Time: 342.21s)
Processing file: AF-Q5RBU1-F1-model_v4
Finished processing: AF-Q5RBU1-F1-model_v4 (Time: 289.35s)
Processing file: AF-Q2LVI9-F1-model_v4
Finished processing: AF-Q2LVI9-F1-model_v4 (Time: 358.19s)
Processing file: AF-Q81CP1-F1-model_v4
Finished processing: AF-Q81CP1-F1-model_v4 (Time: 327.96s)
Processing file: AF-P17201-F1-model_v4
Finished processing: AF-P17201-F1-model_v4 (Time: 362.32s)
Processing file: AF-A9KX17-F1-model_v4
Finished processing: AF-A9KX17-F1-model_v4 (Time: 333.38s)
Processing file: AF-Q2RS21-F1-model_v4
Finished processing: AF-Q2RS21-F1-model_v4 (Time: 316.41s)
Processing file: AF-A7MVE1-F1-model_v4
Finished processing: AF-A7MVE1-F1-model_v4 (Time: 328.09s)
Processing file: AF-P49146-F1-model_v4
Finished processing: AF-P49146-F1-model_v4 (Time: 328.73s)
Processing file: AF-A6V488-F1-model_v4
Finished processing: AF-A6V488-F1-model_v4 (Time: 289.96s)
Processing file: AF-Q5H4C0-F1-model_v4
Finished processing: AF-Q5H4C0-F1-model_v4 (Time: 345.68s)
Processing file: AF-A6X7E7-F1-model_v4
Finished processing: AF-A6X7E7-F1-model_v4 (Time: 351.22s)
Processing file: AF-Q8K097-F1-model_v4
Finished processing: AF-Q8K097-F1-model_v4 (Time: 326.37s)
Processing file: AF-A1JRB1-F1-model_v4
Finished processing: AF-A1JRB1-F1-model_v4 (Time: 292.34s)
Processing file: AF-Q2JIP3-F1-model_v4
Finished processing: AF-Q2JIP3-F1-model_v4 (Time: 327.37s)
Processing file: AF-Q6B860-F1-model_v4
Finished processing: AF-Q6B860-F1-model_v4 (Time: 289.01s)
Processing file: AF-A0A0A2KMZ4-F1-model_v4
Finished processing: AF-A0A0A2KMZ4-F1-model_v4 (Time: 336.20s)
Processing file: AF-B2USG3-F1-model_v4
Finished processing: AF-B2USG3-F1-model_v4 (Time: 297.41s)
Processing file: AF-P38246-F1-model_v4
Finished processing: AF-P38246-F1-model_v4 (Time: 315.76s)
Processing file: AF-P25026-F1-model_v4
Finished processing: AF-P25026-F1-model_v4 (Time: 320.77s)
Processing file: AF-D2Y2C0-F1-model_v4
Finished processing: AF-D2Y2C0-F1-model_v4 (Time: 282.50s)
Processing file: AF-Q5PLX8-F1-model_v4
Finished processing: AF-Q5PLX8-F1-model_v4 (Time: 329.21s)
Processing file: AF-Q6GA13-F1-model_v4
Finished processing: AF-Q6GA13-F1-model_v4 (Time: 321.76s)
Processing file: AF-A1UT47-F1-model_v4
Finished processing: AF-A1UT47-F1-model_v4 (Time: 366.03s)
Processing file: AF-Q5HFD1-F1-model_v4
Finished processing: AF-Q5HFD1-F1-model_v4 (Time: 312.35s)
Processing file: AF-Q83G72-F1-model_v4
Finished processing: AF-Q83G72-F1-model_v4 (Time: 315.97s)
Processing file: AF-Q9ZDH1-F1-model_v4
Finished processing: AF-Q9ZDH1-F1-model_v4 (Time: 279.67s)
Processing file: AF-P63137-F1-model_v4
Finished processing: AF-P63137-F1-model_v4 (Time: 348.28s)
Processing file: AF-B1J692-F1-model_v4
Finished processing: AF-B1J692-F1-model_v4 (Time: 304.58s)
Processing file: AF-P9WI68-F1-model_v4
Finished processing: AF-P9WI68-F1-model_v4 (Time: 354.49s)
Processing file: AF-A1SXK4-F1-model_v4
Finished processing: AF-A1SXK4-F1-model_v4 (Time: 356.90s)
Processing file: AF-Q8VZ52-F1-model_v4
Finished processing: AF-Q8VZ52-F1-model_v4 (Time: 325.94s)
Processing file: AF-B0CF78-F1-model_v4
Finished processing: AF-B0CF78-F1-model_v4 (Time: 307.55s)
Processing file: AF-A2YCH5-F1-model_v4
Finished processing: AF-A2YCH5-F1-model_v4 (Time: 349.08s)
Processing file: AF-Q5RC67-F1-model_v4
Finished processing: AF-Q5RC67-F1-model_v4 (Time: 353.06s)
Processing file: AF-Q5QYC5-F1-model_v4
Finished processing: AF-Q5QYC5-F1-model_v4 (Time: 338.95s)
Processing file: AF-Q9XPS6-F1-model_v4
Finished processing: AF-Q9XPS6-F1-model_v4 (Time: 279.79s)
Processing file: AF-B2V7T1-F1-model_v4
Finished processing: AF-B2V7T1-F1-model_v4 (Time: 293.39s)
Processing file: AF-D8KIE9-F1-model_v4
Finished processing: AF-D8KIE9-F1-model_v4 (Time: 312.08s)
Processing file: AF-P83116-F1-model_v4
Finished processing: AF-P83116-F1-model_v4 (Time: 269.92s)
Processing file: AF-A8MRP4-F1-model_v4
Finished processing: AF-A8MRP4-F1-model_v4 (Time: 285.83s)
Processing file: AF-P50049-F1-model_v4
Finished processing: AF-P50049-F1-model_v4 (Time: 303.47s)
Processing file: AF-B3E716-F1-model_v4
Finished processing: AF-B3E716-F1-model_v4 (Time: 311.53s)
Processing file: AF-C3MVX7-F1-model_v4
Finished processing: AF-C3MVX7-F1-model_v4 (Time: 289.75s)
Processing file: AF-C3K5E4-F1-model_v4
Finished processing: AF-C3K5E4-F1-model_v4 (Time: 369.98s)
Processing file: AF-Q694C1-F1-model_v4
Finished processing: AF-Q694C1-F1-model_v4 (Time: 336.34s)
Processing file: AF-P97720-F1-model_v4
Finished processing: AF-P97720-F1-model_v4 (Time: 334.29s)
Processing file: AF-Q9KVY5-F1-model_v4
Finished processing: AF-Q9KVY5-F1-model_v4 (Time: 333.98s)
Processing file: AF-Q502K1-F1-model_v4
Finished processing: AF-Q502K1-F1-model_v4 (Time: 317.53s)
Processing file: AF-O80725-F1-model_v4
Finished processing: AF-O80725-F1-model_v4 (Time: 445.61s)
Processing file: AF-P38046-F1-model_v4
Finished processing: AF-P38046-F1-model_v4 (Time: 320.44s)
Processing file: AF-B7J583-F1-model_v4
Finished processing: AF-B7J583-F1-model_v4 (Time: 282.56s)
Processing file: AF-A7ZCL8-F1-model_v4
Finished processing: AF-A7ZCL8-F1-model_v4 (Time: 319.47s)
Processing file: AF-A0AJP8-F1-model_v4
Finished processing: AF-A0AJP8-F1-model_v4 (Time: 310.28s)
Processing file: AF-P84852-F1-model_v4
Finished processing: AF-P84852-F1-model_v4 (Time: 270.48s)
Processing file: AF-Q74IB5-F1-model_v4
Finished processing: AF-Q74IB5-F1-model_v4 (Time: 316.81s)
Processing file: AF-B7H293-F1-model_v4
Finished processing: AF-B7H293-F1-model_v4 (Time: 309.46s)
Processing file: AF-O28578-F1-model_v4
Finished processing: AF-O28578-F1-model_v4 (Time: 322.06s)
Processing file: AF-Q9CHN9-F1-model_v4
Finished processing: AF-Q9CHN9-F1-model_v4 (Time: 301.81s)
Processing file: AF-C0HLD1-F1-model_v4
Finished processing: AF-C0HLD1-F1-model_v4 (Time: 341.66s)
Processing file: AF-P62248-F1-model_v4
Finished processing: AF-P62248-F1-model_v4 (Time: 400.16s)
Processing file: AF-P0ACQ4-F1-model_v4
Finished processing: AF-P0ACQ4-F1-model_v4 (Time: 258.49s)
Processing file: AF-Q7WD18-F1-model_v4
Finished processing: AF-Q7WD18-F1-model_v4 (Time: 424.68s)
Processing file: AF-P56388-F1-model_v4
Finished processing: AF-P56388-F1-model_v4 (Time: 303.64s)
Processing file: AF-P9WMZ0-F1-model_v4
Finished processing: AF-P9WMZ0-F1-model_v4 (Time: 336.79s)
Processing file: AF-A4SCS1-F1-model_v4
Finished processing: AF-A4SCS1-F1-model_v4 (Time: 315.68s)
Processing file: AF-B1IGV8-F1-model_v4
Finished processing: AF-B1IGV8-F1-model_v4 (Time: 319.94s)
Processing file: AF-A0PTJ7-F1-model_v4
Finished processing: AF-A0PTJ7-F1-model_v4 (Time: 312.41s)
Processing file: AF-Q5M158-F1-model_v4
Finished processing: AF-Q5M158-F1-model_v4 (Time: 287.29s)
Processing file: AF-Q5XB92-F1-model_v4
Finished processing: AF-Q5XB92-F1-model_v4 (Time: 312.83s)
Processing file: AF-Q32I48-F1-model_v4
Finished processing: AF-Q32I48-F1-model_v4 (Time: 309.05s)
Processing file: AF-B7MDQ1-F1-model_v4
Finished processing: AF-B7MDQ1-F1-model_v4 (Time: 138.21s)
Processing file: AF-Q328V2-F1-model_v4
Finished processing: AF-Q328V2-F1-model_v4 (Time: 413.79s)
Processing file: AF-P18105-F1-model_v4
Finished processing: AF-P18105-F1-model_v4 (Time: 380.28s)
Processing file: AF-C3N7P8-F1-model_v4
Finished processing: AF-C3N7P8-F1-model_v4 (Time: 289.08s)
Processing file: AF-A7N9U1-F1-model_v4
Finished processing: AF-A7N9U1-F1-model_v4 (Time: 299.53s)
Processing file: AF-Q9ZT66-F1-model_v4
Finished processing: AF-Q9ZT66-F1-model_v4 (Time: 329.45s)
Processing file: AF-A6UP16-F1-model_v4
Finished processing: AF-A6UP16-F1-model_v4 (Time: 310.25s)
Processing file: AF-B9KH59-F1-model_v4
Finished processing: AF-B9KH59-F1-model_v4 (Time: 358.44s)
Processing file: AF-A5EX89-F1-model_v4
Finished processing: AF-A5EX89-F1-model_v4 (Time: 306.02s)
Processing file: AF-Q83H66-F1-model_v4
Finished processing: AF-Q83H66-F1-model_v4 (Time: 380.86s)
Processing file: AF-Q4WYN6-F1-model_v4
Finished processing: AF-Q4WYN6-F1-model_v4 (Time: 438.23s)
Processing file: AF-Q1JAY1-F1-model_v4
Finished processing: AF-Q1JAY1-F1-model_v4 (Time: 359.30s)
Processing file: AF-A1CKE0-F1-model_v4
Finished processing: AF-A1CKE0-F1-model_v4 (Time: 405.25s)
Processing file: AF-Q554Z5-F1-model_v4
Finished processing: AF-Q554Z5-F1-model_v4 (Time: 355.83s)
Processing file: AF-Q3KKV3-F1-model_v4
Finished processing: AF-Q3KKV3-F1-model_v4 (Time: 330.26s)
Processing file: AF-Q03A64-F1-model_v4
Finished processing: AF-Q03A64-F1-model_v4 (Time: 313.93s)
Processing file: AF-A9A3T2-F1-model_v4
Finished processing: AF-A9A3T2-F1-model_v4 (Time: 348.78s)
Processing file: AF-P25206-F1-model_v4
Finished processing: AF-P25206-F1-model_v4 (Time: 371.70s)
Processing file: AF-Q8PCN3-F1-model_v4
Finished processing: AF-Q8PCN3-F1-model_v4 (Time: 308.06s)
Processing file: AF-P59852-F1-model_v4
Finished processing: AF-P59852-F1-model_v4 (Time: 365.79s)
Processing file: AF-P20184-F1-model_v4
Finished processing: AF-P20184-F1-model_v4 (Time: 302.58s)
Processing file: AF-B2GDX6-F1-model_v4
Finished processing: AF-B2GDX6-F1-model_v4 (Time: 386.60s)
Processing file: AF-Q0ICK8-F1-model_v4
Finished processing: AF-Q0ICK8-F1-model_v4 (Time: 355.32s)
Processing file: AF-Q8U8I9-F1-model_v4
Finished processing: AF-Q8U8I9-F1-model_v4 (Time: 313.03s)
Processing file: AF-O18087-F1-model_v4
Finished processing: AF-O18087-F1-model_v4 (Time: 334.41s)
Processing file: AF-B8ZUV0-F1-model_v4
Finished processing: AF-B8ZUV0-F1-model_v4 (Time: 336.90s)
Processing file: AF-Q6G6Q5-F1-model_v4
Finished processing: AF-Q6G6Q5-F1-model_v4 (Time: 328.88s)
Processing file: AF-O97398-F1-model_v4
Finished processing: AF-O97398-F1-model_v4 (Time: 329.85s)
Processing file: AF-Q2FHV6-F1-model_v4
Finished processing: AF-Q2FHV6-F1-model_v4 (Time: 304.62s)
Processing file: AF-A2C0J7-F1-model_v4
Finished processing: AF-A2C0J7-F1-model_v4 (Time: 346.36s)
Processing file: AF-Q5K0C8-F1-model_v4
Finished processing: AF-Q5K0C8-F1-model_v4 (Time: 284.22s)
Processing file: AF-Q47II1-F1-model_v4
Finished processing: AF-Q47II1-F1-model_v4 (Time: 327.27s)
Processing file: AF-Q66I08-F1-model_v4
Finished processing: AF-Q66I08-F1-model_v4 (Time: 332.32s)
Processing file: AF-Q0I1D2-F1-model_v4
Finished processing: AF-Q0I1D2-F1-model_v4 (Time: 357.19s)
Processing file: AF-Q5GWU6-F1-model_v4
Finished processing: AF-Q5GWU6-F1-model_v4 (Time: 298.79s)
Processing file: AF-Q89B10-F1-model_v4
Finished processing: AF-Q89B10-F1-model_v4 (Time: 347.93s)
Processing file: AF-C4XS37-F1-model_v4
Finished processing: AF-C4XS37-F1-model_v4 (Time: 360.34s)
Processing file: AF-Q1BY09-F1-model_v4
Finished processing: AF-Q1BY09-F1-model_v4 (Time: 347.54s)
Processing file: AF-C5BQ41-F1-model_v4
Finished processing: AF-C5BQ41-F1-model_v4 (Time: 314.58s)
Processing file: AF-P45951-F1-model_v4
Finished processing: AF-P45951-F1-model_v4 (Time: 333.92s)
Processing file: AF-A5IVC5-F1-model_v4
Finished processing: AF-A5IVC5-F1-model_v4 (Time: 304.84s)
Processing file: AF-Q5XCC0-F1-model_v4
Finished processing: AF-Q5XCC0-F1-model_v4 (Time: 367.23s)
Processing file: AF-P22138-F1-model_v4
Finished processing: AF-P22138-F1-model_v4 (Time: 387.11s)
Processing file: AF-P56592-F1-model_v4
Finished processing: AF-P56592-F1-model_v4 (Time: 351.86s)
Processing file: AF-Q6K3R5-F1-model_v4
Finished processing: AF-Q6K3R5-F1-model_v4 (Time: 366.46s)
Processing file: AF-Q8MX31-F1-model_v4
Finished processing: AF-Q8MX31-F1-model_v4 (Time: 332.88s)
Processing file: AF-P09188-F1-model_v4
Finished processing: AF-P09188-F1-model_v4 (Time: 342.48s)
Processing file: AF-P12903-F1-model_v4
Finished processing: AF-P12903-F1-model_v4 (Time: 316.47s)
Processing file: AF-Q54RK6-F1-model_v4
Finished processing: AF-Q54RK6-F1-model_v4 (Time: 287.35s)
Processing file: AF-Q5SCY8-F1-model_v4
Finished processing: AF-Q5SCY8-F1-model_v4 (Time: 345.09s)
Processing file: AF-B8JE34-F1-model_v4
Finished processing: AF-B8JE34-F1-model_v4 (Time: 339.96s)
Processing file: AF-P29691-F1-model_v4
Finished processing: AF-P29691-F1-model_v4 (Time: 373.94s)
Processing file: AF-A9M6L4-F1-model_v4
Finished processing: AF-A9M6L4-F1-model_v4 (Time: 340.66s)
Processing file: AF-B0UT28-F1-model_v4
Finished processing: AF-B0UT28-F1-model_v4 (Time: 318.22s)
Processing file: AF-B1WZG2-F1-model_v4
Finished processing: AF-B1WZG2-F1-model_v4 (Time: 295.98s)
Processing file: AF-B2UUQ7-F1-model_v4
Finished processing: AF-B2UUQ7-F1-model_v4 (Time: 314.68s)
Processing file: AF-A1IGA8-F1-model_v4
Finished processing: AF-A1IGA8-F1-model_v4 (Time: 325.03s)
Processing file: AF-Q13VN8-F1-model_v4
Finished processing: AF-Q13VN8-F1-model_v4 (Time: 379.79s)
Processing file: AF-A2SCV1-F1-model_v4
Finished processing: AF-A2SCV1-F1-model_v4 (Time: 372.08s)
Processing file: AF-B0TAF3-F1-model_v4
Finished processing: AF-B0TAF3-F1-model_v4 (Time: 326.90s)
Processing file: AF-P70949-F1-model_v4
Finished processing: AF-P70949-F1-model_v4 (Time: 307.04s)
Processing file: AF-C6DKE7-F1-model_v4
Finished processing: AF-C6DKE7-F1-model_v4 (Time: 347.81s)
Processing file: AF-O23193-F1-model_v4
Finished processing: AF-O23193-F1-model_v4 (Time: 317.71s)
Processing file: AF-P55945-F1-model_v4
Finished processing: AF-P55945-F1-model_v4 (Time: 288.90s)
Processing file: AF-A3MNR6-F1-model_v4
Finished processing: AF-A3MNR6-F1-model_v4 (Time: 347.38s)
Processing file: AF-A0A0B4J273-F1-model_v4
Finished processing: AF-A0A0B4J273-F1-model_v4 (Time: 320.77s)
Processing file: AF-P01527-F1-model_v4
Finished processing: AF-P01527-F1-model_v4 (Time: 299.67s)
Processing file: AF-G3ETQ3-F1-model_v4
Finished processing: AF-G3ETQ3-F1-model_v4 (Time: 283.66s)
Processing file: AF-A5II59-F1-model_v4
Finished processing: AF-A5II59-F1-model_v4 (Time: 307.40s)
Processing file: AF-P37661-F1-model_v4
Finished processing: AF-P37661-F1-model_v4 (Time: 344.87s)
Processing file: AF-Q8CHT6-F1-model_v4
Finished processing: AF-Q8CHT6-F1-model_v4 (Time: 331.73s)
Processing file: AF-Q5NGX6-F1-model_v4
Finished processing: AF-Q5NGX6-F1-model_v4 (Time: 311.05s)
Processing file: AF-C9X4J0-F1-model_v4
Finished processing: AF-C9X4J0-F1-model_v4 (Time: 290.45s)
Processing file: AF-Q5LXU2-F1-model_v4
Finished processing: AF-Q5LXU2-F1-model_v4 (Time: 316.27s)
Processing file: AF-B5XM63-F1-model_v4
Finished processing: AF-B5XM63-F1-model_v4 (Time: 332.84s)
Processing file: AF-Q4R4I2-F1-model_v4
Finished processing: AF-Q4R4I2-F1-model_v4 (Time: 301.86s)
Processing file: AF-Q6HCY5-F1-model_v4
Finished processing: AF-Q6HCY5-F1-model_v4 (Time: 295.51s)
Processing file: AF-Q8EU06-F1-model_v4
Finished processing: AF-Q8EU06-F1-model_v4 (Time: 329.03s)
Processing file: AF-A8GML4-F1-model_v4
Finished processing: AF-A8GML4-F1-model_v4 (Time: 379.06s)
Processing file: AF-A6VBD9-F1-model_v4
Finished processing: AF-A6VBD9-F1-model_v4 (Time: 332.48s)
Processing file: AF-A5N6F5-F1-model_v4
Finished processing: AF-A5N6F5-F1-model_v4 (Time: 336.68s)
Processing file: AF-P52831-F1-model_v4
Finished processing: AF-P52831-F1-model_v4 (Time: 331.76s)
Processing file: AF-P63849-F1-model_v4
Finished processing: AF-P63849-F1-model_v4 (Time: 297.05s)
Processing file: AF-B3R2F9-F1-model_v4
Finished processing: AF-B3R2F9-F1-model_v4 (Time: 338.24s)
Processing file: AF-Q6GQT0-F1-model_v4
Finished processing: AF-Q6GQT0-F1-model_v4 (Time: 363.52s)
Processing file: AF-A1VEK5-F1-model_v4
Finished processing: AF-A1VEK5-F1-model_v4 (Time: 341.91s)
Processing file: AF-Q51827-F1-model_v4
Finished processing: AF-Q51827-F1-model_v4 (Time: 343.37s)
Processing file: AF-P24275-F1-model_v4
Finished processing: AF-P24275-F1-model_v4 (Time: 359.62s)
Processing file: AF-C4ZQ34-F1-model_v4
Finished processing: AF-C4ZQ34-F1-model_v4 (Time: 344.50s)
Processing file: AF-Q6HCK7-F1-model_v4
Finished processing: AF-Q6HCK7-F1-model_v4 (Time: 292.92s)
Processing file: AF-Q9C0I3-F1-model_v4
Finished processing: AF-Q9C0I3-F1-model_v4 (Time: 407.76s)
Processing file: AF-O49623-F1-model_v4
Finished processing: AF-O49623-F1-model_v4 (Time: 340.23s)
Processing file: AF-C3MEL7-F1-model_v4
Finished processing: AF-C3MEL7-F1-model_v4 (Time: 329.06s)
Processing file: AF-P0DSE1-F1-model_v4
Finished processing: AF-P0DSE1-F1-model_v4 (Time: 322.54s)
Processing file: AF-P06129-F1-model_v4
Finished processing: AF-P06129-F1-model_v4 (Time: 395.70s)
Processing file: AF-Q2U4H2-F1-model_v4
Finished processing: AF-Q2U4H2-F1-model_v4 (Time: 341.27s)
Processing file: AF-Q9PFB3-F1-model_v4
Finished processing: AF-Q9PFB3-F1-model_v4 (Time: 289.45s)
Processing file: AF-Q8Z4T0-F1-model_v4
Finished processing: AF-Q8Z4T0-F1-model_v4 (Time: 331.43s)
Processing file: AF-P33228-F1-model_v4
Finished processing: AF-P33228-F1-model_v4 (Time: 318.48s)
Processing file: AF-Q42829-F1-model_v4
Finished processing: AF-Q42829-F1-model_v4 (Time: 357.56s)
Processing file: AF-B0YEH9-F1-model_v4
Finished processing: AF-B0YEH9-F1-model_v4 (Time: 347.34s)
Processing file: AF-Q4WNA5-F1-model_v4
Finished processing: AF-Q4WNA5-F1-model_v4 (Time: 317.17s)
Processing file: AF-Q75AB3-F1-model_v4
Finished processing: AF-Q75AB3-F1-model_v4 (Time: 315.82s)
Processing file: AF-Q8K0V4-F1-model_v4
Finished processing: AF-Q8K0V4-F1-model_v4 (Time: 362.01s)
Processing file: AF-B9KD13-F1-model_v4
Finished processing: AF-B9KD13-F1-model_v4 (Time: 303.06s)
Processing file: AF-Q6BNQ5-F1-model_v4
Finished processing: AF-Q6BNQ5-F1-model_v4 (Time: 302.48s)
Processing file: AF-Q5D869-F1-model_v4
Finished processing: AF-Q5D869-F1-model_v4 (Time: 474.14s)
Processing file: AF-Q9ZWS7-F1-model_v4
Finished processing: AF-Q9ZWS7-F1-model_v4 (Time: 329.51s)
Processing file: AF-Q21DG1-F1-model_v4
Finished processing: AF-Q21DG1-F1-model_v4 (Time: 354.62s)
Processing file: AF-B4TNU7-F1-model_v4
Finished processing: AF-B4TNU7-F1-model_v4 (Time: 314.59s)
Processing file: AF-B2TXU1-F1-model_v4
Finished processing: AF-B2TXU1-F1-model_v4 (Time: 331.48s)
Processing file: AF-B0ULY3-F1-model_v4
Finished processing: AF-B0ULY3-F1-model_v4 (Time: 300.32s)
Processing file: AF-Q5VWP3-F1-model_v4
Finished processing: AF-Q5VWP3-F1-model_v4 (Time: 348.27s)
Processing file: AF-C5M7I9-F1-model_v4
Finished processing: AF-C5M7I9-F1-model_v4 (Time: 324.13s)
Processing file: AF-Q9PE53-F1-model_v4
Finished processing: AF-Q9PE53-F1-model_v4 (Time: 312.83s)
Processing file: AF-Q9CAL8-F1-model_v4
Finished processing: AF-Q9CAL8-F1-model_v4 (Time: 371.99s)
Processing file: AF-Q8Y040-F1-model_v4
Finished processing: AF-Q8Y040-F1-model_v4 (Time: 323.92s)
Processing file: AF-Q0TIG6-F1-model_v4
Finished processing: AF-Q0TIG6-F1-model_v4 (Time: 327.45s)
Processing file: AF-Q9Z3R1-F1-model_v4
Finished processing: AF-Q9Z3R1-F1-model_v4 (Time: 347.36s)
Processing file: AF-Q5F9U0-F1-model_v4
Finished processing: AF-Q5F9U0-F1-model_v4 (Time: 342.65s)
Processing file: AF-Q035Y0-F1-model_v4
Finished processing: AF-Q035Y0-F1-model_v4 (Time: 335.61s)
Processing file: AF-Q6NHM7-F1-model_v4
Finished processing: AF-Q6NHM7-F1-model_v4 (Time: 331.06s)
Processing file: AF-Q9ULQ0-F1-model_v4
Finished processing: AF-Q9ULQ0-F1-model_v4 (Time: 373.25s)
Processing file: AF-P82632-F1-model_v4
Finished processing: AF-P82632-F1-model_v4 (Time: 303.02s)
Processing file: AF-Q5WVL8-F1-model_v4
Finished processing: AF-Q5WVL8-F1-model_v4 (Time: 334.95s)
Processing file: AF-B4UES6-F1-model_v4
Finished processing: AF-B4UES6-F1-model_v4 (Time: 323.83s)
Processing file: AF-O30188-F1-model_v4
Finished processing: AF-O30188-F1-model_v4 (Time: 332.74s)
Processing file: AF-Q57QG8-F1-model_v4
Finished processing: AF-Q57QG8-F1-model_v4 (Time: 321.08s)
Processing file: AF-A6T7F0-F1-model_v4
Finished processing: AF-A6T7F0-F1-model_v4 (Time: 326.14s)
Processing file: AF-B4TEU0-F1-model_v4
Finished processing: AF-B4TEU0-F1-model_v4 (Time: 303.54s)
Processing file: AF-P59055-F1-model_v4
Finished processing: AF-P59055-F1-model_v4 (Time: 372.42s)
Processing file: AF-C6E870-F1-model_v4
Finished processing: AF-C6E870-F1-model_v4 (Time: 307.68s)
Processing file: AF-M2YIZ5-F1-model_v4
Finished processing: AF-M2YIZ5-F1-model_v4 (Time: 338.11s)
Processing file: AF-A1U1H6-F1-model_v4
Finished processing: AF-A1U1H6-F1-model_v4 (Time: 308.56s)
Processing file: AF-B5E2H6-F1-model_v4
Finished processing: AF-B5E2H6-F1-model_v4 (Time: 325.77s)
Processing file: AF-C0R5D1-F1-model_v4
Finished processing: AF-C0R5D1-F1-model_v4 (Time: 328.84s)
Processing file: AF-Q84BP4-F1-model_v4
Finished processing: AF-Q84BP4-F1-model_v4 (Time: 359.37s)
Processing file: AF-Q5RDM4-F1-model_v4
Finished processing: AF-Q5RDM4-F1-model_v4 (Time: 387.58s)
Processing file: AF-Q0HKV0-F1-model_v4
Finished processing: AF-Q0HKV0-F1-model_v4 (Time: 342.94s)
Processing file: AF-B2UUW8-F1-model_v4
Finished processing: AF-B2UUW8-F1-model_v4 (Time: 342.03s)
Processing file: AF-Q9HCL0-F1-model_v4
Finished processing: AF-Q9HCL0-F1-model_v4 (Time: 455.00s)
Processing file: AF-Q83G99-F1-model_v4
Finished processing: AF-Q83G99-F1-model_v4 (Time: 361.91s)
Processing file: AF-A2S6U9-F1-model_v4
Finished processing: AF-A2S6U9-F1-model_v4 (Time: 319.69s)
Processing file: AF-P68256-F1-model_v4
Finished processing: AF-P68256-F1-model_v4 (Time: 312.91s)
Processing file: AF-Q836W6-F1-model_v4
Finished processing: AF-Q836W6-F1-model_v4 (Time: 324.61s)
Processing file: AF-O75874-F1-model_v4
Finished processing: AF-O75874-F1-model_v4 (Time: 340.43s)
Processing file: AF-Q37108-F1-model_v4
Finished processing: AF-Q37108-F1-model_v4 (Time: 296.68s)
Processing file: AF-B5YKW0-F1-model_v4
Finished processing: AF-B5YKW0-F1-model_v4 (Time: 364.66s)
Processing file: AF-Q2ST50-F1-model_v4
Finished processing: AF-Q2ST50-F1-model_v4 (Time: 304.39s)
Processing file: AF-O67742-F1-model_v4
Finished processing: AF-O67742-F1-model_v4 (Time: 309.12s)
Processing file: AF-A5EPQ5-F1-model_v4
Finished processing: AF-A5EPQ5-F1-model_v4 (Time: 353.43s)
Processing file: AF-O94572-F1-model_v4
Finished processing: AF-O94572-F1-model_v4 (Time: 354.37s)
Processing file: AF-Q8PS50-F1-model_v4
Finished processing: AF-Q8PS50-F1-model_v4 (Time: 332.73s)
Processing file: AF-O01159-F1-model_v4
Finished processing: AF-O01159-F1-model_v4 (Time: 337.92s)
Processing file: AF-D0N0R8-F1-model_v4
Finished processing: AF-D0N0R8-F1-model_v4 (Time: 296.03s)
Processing file: AF-Q1GZI0-F1-model_v4
Finished processing: AF-Q1GZI0-F1-model_v4 (Time: 366.81s)
Processing file: AF-P0A279-F1-model_v4
Finished processing: AF-P0A279-F1-model_v4 (Time: 305.40s)
Processing file: AF-Q3SH33-F1-model_v4
Finished processing: AF-Q3SH33-F1-model_v4 (Time: 292.57s)
Processing file: AF-Q1BRA8-F1-model_v4
Finished processing: AF-Q1BRA8-F1-model_v4 (Time: 350.26s)
Processing file: AF-B5FM63-F1-model_v4
Finished processing: AF-B5FM63-F1-model_v4 (Time: 313.33s)
Processing file: AF-P34302-F1-model_v4
Finished processing: AF-P34302-F1-model_v4 (Time: 329.59s)
Processing file: AF-Q6LZM9-F1-model_v4
Finished processing: AF-Q6LZM9-F1-model_v4 (Time: 349.26s)
Processing file: AF-B9E7G7-F1-model_v4
Finished processing: AF-B9E7G7-F1-model_v4 (Time: 311.74s)
Processing file: AF-P60437-F1-model_v4
Finished processing: AF-P60437-F1-model_v4 (Time: 320.14s)
Processing file: AF-Q08DU1-F1-model_v4
Finished processing: AF-Q08DU1-F1-model_v4 (Time: 311.77s)
Processing file: AF-Q0V990-F1-model_v4
Finished processing: AF-Q0V990-F1-model_v4 (Time: 348.91s)
Processing file: AF-Q815S0-F1-model_v4
Finished processing: AF-Q815S0-F1-model_v4 (Time: 339.40s)
Processing file: AF-Q8RDD1-F1-model_v4
Finished processing: AF-Q8RDD1-F1-model_v4 (Time: 357.79s)
Processing file: AF-C0Q9W7-F1-model_v4
Finished processing: AF-C0Q9W7-F1-model_v4 (Time: 328.51s)
Processing file: AF-P28314-F1-model_v4
Finished processing: AF-P28314-F1-model_v4 (Time: 323.39s)
Processing file: AF-B8FM87-F1-model_v4
Finished processing: AF-B8FM87-F1-model_v4 (Time: 299.50s)
Processing file: AF-B7JMV9-F1-model_v4
Finished processing: AF-B7JMV9-F1-model_v4 (Time: 312.64s)
Processing file: AF-Q2YRA1-F1-model_v4
Finished processing: AF-Q2YRA1-F1-model_v4 (Time: 313.55s)
Processing file: AF-C1CTA3-F1-model_v4
Finished processing: AF-C1CTA3-F1-model_v4 (Time: 289.41s)
Processing file: AF-B0RZQ3-F1-model_v4
Finished processing: AF-B0RZQ3-F1-model_v4 (Time: 323.84s)
Processing file: AF-A9NHW0-F1-model_v4
Finished processing: AF-A9NHW0-F1-model_v4 (Time: 351.56s)
Processing file: AF-B9DYB0-F1-model_v4
Finished processing: AF-B9DYB0-F1-model_v4 (Time: 305.11s)
Processing file: AF-Q820N1-F1-model_v4
Finished processing: AF-Q820N1-F1-model_v4 (Time: 328.47s)
Processing file: AF-Q54Z01-F1-model_v4
Finished processing: AF-Q54Z01-F1-model_v4 (Time: 309.73s)
Processing file: AF-A4WVL7-F1-model_v4
Finished processing: AF-A4WVL7-F1-model_v4 (Time: 303.70s)
Processing file: AF-A1AVT4-F1-model_v4
Finished processing: AF-A1AVT4-F1-model_v4 (Time: 318.83s)
Processing file: AF-Q5FX67-F1-model_v4
Finished processing: AF-Q5FX67-F1-model_v4 (Time: 307.63s)
Processing file: AF-P81198-F1-model_v4
Finished processing: AF-P81198-F1-model_v4 (Time: 307.94s)
Processing file: AF-P81701-F1-model_v4
Finished processing: AF-P81701-F1-model_v4 (Time: 361.52s)
Processing file: AF-F4JEP5-F1-model_v4
Finished processing: AF-F4JEP5-F1-model_v4 (Time: 367.47s)
Processing file: AF-B7UFS4-F1-model_v4
Finished processing: AF-B7UFS4-F1-model_v4 (Time: 320.77s)
Processing file: AF-B6I7J7-F1-model_v4
Finished processing: AF-B6I7J7-F1-model_v4 (Time: 325.62s)
Processing file: AF-P31937-F1-model_v4
Finished processing: AF-P31937-F1-model_v4 (Time: 337.40s)
Processing file: AF-A0M3L3-F1-model_v4
Finished processing: AF-A0M3L3-F1-model_v4 (Time: 301.01s)
Processing file: AF-P67408-F1-model_v4
Finished processing: AF-P67408-F1-model_v4 (Time: 318.26s)
Processing file: AF-O29003-F1-model_v4
Finished processing: AF-O29003-F1-model_v4 (Time: 314.67s)
Processing file: AF-P63177-F1-model_v4
Finished processing: AF-P63177-F1-model_v4 (Time: 326.02s)
Processing file: AF-Q49Y92-F1-model_v4
Finished processing: AF-Q49Y92-F1-model_v4 (Time: 314.50s)
Processing file: AF-P14447-F1-model_v4
Finished processing: AF-P14447-F1-model_v4 (Time: 285.69s)
Processing file: AF-E1AWD2-F1-model_v4
Finished processing: AF-E1AWD2-F1-model_v4 (Time: 282.88s)
Processing file: AF-Q48ED3-F1-model_v4
Finished processing: AF-Q48ED3-F1-model_v4 (Time: 319.16s)
Processing file: AF-Q5LM13-F1-model_v4
Finished processing: AF-Q5LM13-F1-model_v4 (Time: 312.18s)
Processing file: AF-Q2IJ58-F1-model_v4
Finished processing: AF-Q2IJ58-F1-model_v4 (Time: 332.22s)
Processing file: AF-Q6GGB8-F1-model_v4
Finished processing: AF-Q6GGB8-F1-model_v4 (Time: 337.67s)
Processing file: AF-Q9KVX4-F1-model_v4
Finished processing: AF-Q9KVX4-F1-model_v4 (Time: 351.73s)
Processing file: AF-A5FQ06-F1-model_v4
Finished processing: AF-A5FQ06-F1-model_v4 (Time: 294.60s)
Processing file: AF-Q8R9W9-F1-model_v4
Finished processing: AF-Q8R9W9-F1-model_v4 (Time: 291.13s)
Processing file: AF-A8Y9F9-F1-model_v4
Finished processing: AF-A8Y9F9-F1-model_v4 (Time: 279.55s)
Processing file: AF-P26855-F1-model_v4
Finished processing: AF-P26855-F1-model_v4 (Time: 298.94s)
Processing file: AF-Q550F6-F1-model_v4
Finished processing: AF-Q550F6-F1-model_v4 (Time: 333.88s)
Processing file: AF-Q1D749-F1-model_v4
Finished processing: AF-Q1D749-F1-model_v4 (Time: 308.41s)
Processing file: AF-B8D7R7-F1-model_v4
Finished processing: AF-B8D7R7-F1-model_v4 (Time: 350.05s)
Processing file: AF-Q0HJT8-F1-model_v4
Finished processing: AF-Q0HJT8-F1-model_v4 (Time: 326.65s)
Processing file: AF-Q554J3-F1-model_v4
Finished processing: AF-Q554J3-F1-model_v4 (Time: 303.21s)
Processing file: AF-Q23889-F1-model_v4
Finished processing: AF-Q23889-F1-model_v4 (Time: 293.02s)
Processing file: AF-Q8GYG1-F1-model_v4
Finished processing: AF-Q8GYG1-F1-model_v4 (Time: 322.51s)
Processing file: AF-Q8XKP9-F1-model_v4
Finished processing: AF-Q8XKP9-F1-model_v4 (Time: 331.61s)
Processing file: AF-Q1XHV8-F1-model_v4
Finished processing: AF-Q1XHV8-F1-model_v4 (Time: 303.91s)
Processing file: AF-Q05611-F1-model_v4
Finished processing: AF-Q05611-F1-model_v4 (Time: 318.50s)
Processing file: AF-Q8VQK7-F1-model_v4
Finished processing: AF-Q8VQK7-F1-model_v4 (Time: 325.29s)
Processing file: AF-Q5M0E6-F1-model_v4
Finished processing: AF-Q5M0E6-F1-model_v4 (Time: 400.88s)
Processing file: AF-B1ZSW3-F1-model_v4
Finished processing: AF-B1ZSW3-F1-model_v4 (Time: 335.46s)
Processing file: AF-Q02R79-F1-model_v4
Finished processing: AF-Q02R79-F1-model_v4 (Time: 342.35s)
Processing file: AF-B5YXQ1-F1-model_v4
Finished processing: AF-B5YXQ1-F1-model_v4 (Time: 303.76s)
Processing file: AF-Q8NXR5-F1-model_v4
Finished processing: AF-Q8NXR5-F1-model_v4 (Time: 332.32s)
Processing file: AF-Q0D0X6-F1-model_v4
Finished processing: AF-Q0D0X6-F1-model_v4 (Time: 331.37s)
Processing file: AF-Q4A0N0-F1-model_v4
Finished processing: AF-Q4A0N0-F1-model_v4 (Time: 344.42s)
Processing file: AF-A5IS03-F1-model_v4
Finished processing: AF-A5IS03-F1-model_v4 (Time: 342.51s)
Processing file: AF-Q6NUW5-F1-model_v4
Finished processing: AF-Q6NUW5-F1-model_v4 (Time: 321.64s)
Processing file: AF-P0A8Q5-F1-model_v4
Finished processing: AF-P0A8Q5-F1-model_v4 (Time: 292.97s)
Processing file: AF-P52632-F1-model_v4
Finished processing: AF-P52632-F1-model_v4 (Time: 377.22s)
Processing file: AF-B4TPJ8-F1-model_v4
Finished processing: AF-B4TPJ8-F1-model_v4 (Time: 373.86s)
Processing file: AF-Q9RHV9-F1-model_v4
Finished processing: AF-Q9RHV9-F1-model_v4 (Time: 349.35s)
Processing file: AF-P39630-F1-model_v4
Finished processing: AF-P39630-F1-model_v4 (Time: 323.04s)
Processing file: AF-Q8YHC2-F1-model_v4
Finished processing: AF-Q8YHC2-F1-model_v4 (Time: 337.84s)
Processing file: AF-Q5R5Q2-F1-model_v4
Finished processing: AF-Q5R5Q2-F1-model_v4 (Time: 354.86s)
Processing file: AF-Q4WHP6-F1-model_v4
Finished processing: AF-Q4WHP6-F1-model_v4 (Time: 395.05s)
Processing file: AF-Q8PLQ0-F1-model_v4
Finished processing: AF-Q8PLQ0-F1-model_v4 (Time: 389.08s)
Processing file: AF-B1IHQ4-F1-model_v4
Finished processing: AF-B1IHQ4-F1-model_v4 (Time: 300.40s)
Processing file: AF-Q5QZQ1-F1-model_v4
Finished processing: AF-Q5QZQ1-F1-model_v4 (Time: 316.22s)
Processing file: AF-P51390-F1-model_v4
Finished processing: AF-P51390-F1-model_v4 (Time: 287.89s)
Processing file: AF-B0UQT7-F1-model_v4
Finished processing: AF-B0UQT7-F1-model_v4 (Time: 332.32s)
Processing file: AF-A6TWI7-F1-model_v4
Finished processing: AF-A6TWI7-F1-model_v4 (Time: 307.13s)
Processing file: AF-Q0HEX0-F1-model_v4
Finished processing: AF-Q0HEX0-F1-model_v4 (Time: 339.63s)
Processing file: AF-P37254-F1-model_v4
Finished processing: AF-P37254-F1-model_v4 (Time: 383.84s)
Processing file: AF-Q1R536-F1-model_v4
Finished processing: AF-Q1R536-F1-model_v4 (Time: 345.25s)
Processing file: AF-P64427-F1-model_v4
Finished processing: AF-P64427-F1-model_v4 (Time: 336.62s)
Processing file: AF-P03887-F1-model_v4
Finished processing: AF-P03887-F1-model_v4 (Time: 330.14s)
Processing file: AF-Q5BPT7-F1-model_v4
Finished processing: AF-Q5BPT7-F1-model_v4 (Time: 335.72s)
Processing file: AF-Q54MT6-F1-model_v4
Finished processing: AF-Q54MT6-F1-model_v4 (Time: 299.99s)
Processing file: AF-P0CF53-F1-model_v4
Finished processing: AF-P0CF53-F1-model_v4 (Time: 336.39s)
Processing file: AF-A0A068Q6L2-F1-model_v4
Finished processing: AF-A0A068Q6L2-F1-model_v4 (Time: 334.99s)
Processing file: AF-Q6UGB2-F1-model_v4
Finished processing: AF-Q6UGB2-F1-model_v4 (Time: 310.68s)
Processing file: AF-Q161H6-F1-model_v4
Finished processing: AF-Q161H6-F1-model_v4 (Time: 294.36s)
Processing file: AF-Q9LYY2-F1-model_v4
Finished processing: AF-Q9LYY2-F1-model_v4 (Time: 298.15s)
Processing file: AF-D4A7T3-F1-model_v4
Finished processing: AF-D4A7T3-F1-model_v4 (Time: 406.41s)
Processing file: AF-P30232-F1-model_v4
Finished processing: AF-P30232-F1-model_v4 (Time: 293.69s)
Processing file: AF-Q5FWT8-F1-model_v4
Finished processing: AF-Q5FWT8-F1-model_v4 (Time: 355.07s)
Processing file: AF-C4ZSN9-F1-model_v4
Finished processing: AF-C4ZSN9-F1-model_v4 (Time: 299.89s)
Processing file: AF-Q0SN06-F1-model_v4
Finished processing: AF-Q0SN06-F1-model_v4 (Time: 314.42s)
Processing file: AF-Q5R9P3-F1-model_v4
Finished processing: AF-Q5R9P3-F1-model_v4 (Time: 367.08s)
Processing file: AF-Q3IR96-F1-model_v4
Finished processing: AF-Q3IR96-F1-model_v4 (Time: 326.99s)
Processing file: AF-A6MMK8-F1-model_v4
Finished processing: AF-A6MMK8-F1-model_v4 (Time: 316.82s)
Processing file: AF-Q8DQ56-F1-model_v4
Finished processing: AF-Q8DQ56-F1-model_v4 (Time: 289.36s)
Processing file: AF-Q9KPB5-F1-model_v4
Finished processing: AF-Q9KPB5-F1-model_v4 (Time: 333.90s)
Processing file: AF-Q5PQY6-F1-model_v4
Finished processing: AF-Q5PQY6-F1-model_v4 (Time: 366.85s)
All files processed. Check the log file: processing_times.log
